<html>
<body>
<pre>
<h1>µVision Build Log</h1>
<h2>Tool Versions:</h2>
IDE-Version: ¦ÌVision V5.28.0.0
Copyright (C) 2019 ARM Ltd and ARM Germany GmbH. All rights reserved.
License Information: light pan, zucc, LIC=KIVNB-2K960-INFA7-E52HF-D5AIK-EBTBV
 
Tool Versions:
Toolchain:       MDK-ARM Professional  Version: 5.28.0.0
Toolchain Path:  C:\Keil_v5\ARM\ARMCC\Bin
C Compiler:      Armcc.exe V5.06 update 6 (build 750)
Assembler:       Armasm.exe V5.06 update 6 (build 750)
Linker/Locator:  ArmLink.exe V5.06 update 6 (build 750)
Library Manager: ArmAr.exe V5.06 update 6 (build 750)
Hex Converter:   FromElf.exe V5.06 update 6 (build 750)
CPU DLL:         SARMCM3.DLL V5.28.0.0
Dialog DLL:      DCM.DLL V1.17.3.0
Target DLL:      Segger\JL2CM3.dll V2.99.36.0
Dialog DLL:      TCM.DLL V1.36.2.0
 
<h2>Project:</h2>
C:\Users\pan39\Desktop\Singlechip\stm32\MyDAP\MyDAP.uvprojx
Project File Date:  11/18/2019

<h2>Output:</h2>
*** Using Compiler 'V5.06 update 6 (build 750)', folder: 'C:\Keil_v5\ARM\ARMCC\Bin'
Build target 'Target 1'
compiling main.c...
C:\Users\pan39\AppData\Local\Arm\Packs\Keil\MDK-Middleware\7.0.0\USB\Include\usb_def.h(72): warning:  #3108-D: attribute "__packed__" does not apply here
  typedef __packed struct _USB_REQUEST_TYPE {
C:\Users\pan39\AppData\Local\Arm\Packs\Keil\MDK-Middleware\7.0.0\USB\Include\usb_def.h(106): warning:  #3135-D: attribute does not apply to any entity
      __packed struct {
C:\Users\pan39\AppData\Local\Arm\Packs\Keil\MDK-Middleware\7.0.0\USB\Include\usb_def.h(104): warning:  #3135-D: attribute does not apply to any entity
    __packed union {
C:\Users\pan39\AppData\Local\Arm\Packs\Keil\MDK-Middleware\7.0.0\USB\Include\usb_def.h(113): warning:  #3135-D: attribute does not apply to any entity
      __packed struct {
C:\Users\pan39\AppData\Local\Arm\Packs\Keil\MDK-Middleware\7.0.0\USB\Include\usb_def.h(111): warning:  #3135-D: attribute does not apply to any entity
    __packed union {
C:\Users\pan39\AppData\Local\Arm\Packs\Keil\MDK-Middleware\7.0.0\USB\Include\usb_def.h(101): warning:  #3108-D: attribute "__packed__" does not apply here
  typedef __packed struct _USB_SETUP_PACKET {
C:\Users\pan39\AppData\Local\Arm\Packs\Keil\MDK-Middleware\7.0.0\USB\Include\usb_def.h(181): warning:  #3108-D: attribute "__packed__" does not apply here
  typedef __packed struct _USB_DEVICE_DESCRIPTOR {
C:\Users\pan39\AppData\Local\Arm\Packs\Keil\MDK-Middleware\7.0.0\USB\Include\usb_def.h(199): warning:  #3108-D: attribute "__packed__" does not apply here
  typedef __packed struct _USB_DEVICE_QUALIFIER_DESCRIPTOR {
C:\Users\pan39\AppData\Local\Arm\Packs\Keil\MDK-Middleware\7.0.0\USB\Include\usb_def.h(212): warning:  #3108-D: attribute "__packed__" does not apply here
  typedef __packed struct _USB_CONFIGURATION_DESCRIPTOR {
C:\Users\pan39\AppData\Local\Arm\Packs\Keil\MDK-Middleware\7.0.0\USB\Include\usb_def.h(224): warning:  #3108-D: attribute "__packed__" does not apply here
  typedef __packed struct _USB_INTERFACE_DESCRIPTOR {
C:\Users\pan39\AppData\Local\Arm\Packs\Keil\MDK-Middleware\7.0.0\USB\Include\usb_def.h(237): warning:  #3108-D: attribute "__packed__" does not apply here
  typedef __packed struct _USB_ENDPOINT_DESCRIPTOR {
C:\Users\pan39\AppData\Local\Arm\Packs\Keil\MDK-Middleware\7.0.0\USB\Include\usb_def.h(247): warning:  #3108-D: attribute "__packed__" does not apply here
  typedef __packed struct _USB_STRING_DESCRIPTOR {
C:\Users\pan39\AppData\Local\Arm\Packs\Keil\MDK-Middleware\7.0.0\USB\Include\usb_def.h(254): warning:  #3108-D: attribute "__packed__" does not apply here
  typedef __packed struct _USB_COMMON_DESCRIPTOR {
C:\Users\pan39\AppData\Local\Arm\Packs\Keil\MDK-Middleware\7.0.0\USB\Include\usb_def.h(260): warning:  #3108-D: attribute "__packed__" does not apply here
  typedef __packed struct _USB_INTERFACE_ASSOCIATION_DESCRIPTOR {
C:\Users\pan39\AppData\Local\Arm\Packs\Keil\MDK-Middleware\7.0.0\USB\Include\usb_cdc.h(221): warning:  #3108-D: attribute "__packed__" does not apply here
  typedef __packed struct _CDC_HEADER_DESCRIPTOR{
C:\Users\pan39\AppData\Local\Arm\Packs\Keil\MDK-Middleware\7.0.0\USB\Include\usb_cdc.h(231): warning:  #3108-D: attribute "__packed__" does not apply here
  typedef __packed struct _CDC_CALL_MANAGEMENT_DESCRIPTOR {
C:\Users\pan39\AppData\Local\Arm\Packs\Keil\MDK-Middleware\7.0.0\USB\Include\usb_cdc.h(242): warning:  #3108-D: attribute "__packed__" does not apply here
  typedef __packed struct _CDC_ABSTRACT_CONTROL_MANAGEMENT_DESCRIPTOR {
C:\Users\pan39\AppData\Local\Arm\Packs\Keil\MDK-Middleware\7.0.0\USB\Include\usb_cdc.h(252): warning:  #3108-D: attribute "__packed__" does not apply here
  typedef __packed struct _CDC_UNION_DESCRIPTOR {
C:\Users\pan39\AppData\Local\Arm\Packs\Keil\MDK-Middleware\7.0.0\USB\Include\usb_cdc.h(261): warning:  #3108-D: attribute "__packed__" does not apply here
  typedef __packed struct _CDC_UNION_1SLAVE_DESCRIPTOR {
C:\Users\pan39\AppData\Local\Arm\Packs\Keil\MDK-Middleware\7.0.0\USB\Include\usb_cdc.h(269): warning:  #3108-D: attribute "__packed__" does not apply here
  typedef __packed struct _CDC_LINE_CODING {
C:\Users\pan39\AppData\Local\Arm\Packs\Keil\MDK-Middleware\7.0.0\USB\Include\usb_cdc.h(283): warning:  #3108-D: attribute "__packed__" does not apply here
  typedef __packed struct _CDC_NCM_NTB_PARAM {
C:\Users\pan39\AppData\Local\Arm\Packs\Keil\MDK-Middleware\7.0.0\USB\Include\usb_cdc.h(300): warning:  #3108-D: attribute "__packed__" does not apply here
  typedef __packed struct _CDC_NCM_NTB_NTH16 {
C:\Users\pan39\AppData\Local\Arm\Packs\Keil\MDK-Middleware\7.0.0\USB\Include\usb_cdc.h(310): warning:  #3108-D: attribute "__packed__" does not apply here
  typedef __packed struct _CDC_NCM_NTB_NTH32 {
C:\Users\pan39\AppData\Local\Arm\Packs\Keil\MDK-Middleware\7.0.0\USB\Include\usb_cdc.h(320): warning:  #3108-D: attribute "__packed__" does not apply here
  typedef __packed struct _CDC_NCM_NTB_DATAGRAM16 {
C:\Users\pan39\AppData\Local\Arm\Packs\Keil\MDK-Middleware\7.0.0\USB\Include\usb_cdc.h(327): warning:  #3108-D: attribute "__packed__" does not apply here
  typedef __packed struct _CDC_NCM_NTB_DATAGRAM32 {
C:\Users\pan39\AppData\Local\Arm\Packs\Keil\MDK-Middleware\7.0.0\USB\Include\usb_cdc.h(334): warning:  #3108-D: attribute "__packed__" does not apply here
  typedef __packed struct _CDC_NCM_NTB_NDP16 {
C:\Users\pan39\AppData\Local\Arm\Packs\Keil\MDK-Middleware\7.0.0\USB\Include\usb_cdc.h(343): warning:  #3108-D: attribute "__packed__" does not apply here
  typedef __packed struct _CDC_NCM_NTB_NDP32 {
C:\Users\pan39\AppData\Local\Arm\Packs\Keil\MDK-Middleware\7.0.0\USB\Include\usb_hid.h(35): warning:  #3108-D: attribute "__packed__" does not apply here
  typedef __packed struct _HID_DESCRIPTOR {
C:\Users\pan39\AppData\Local\Arm\Packs\Keil\MDK-Middleware\7.0.0\USB\Include\usb_msc.h(45): warning:  #3108-D: attribute "__packed__" does not apply here
  typedef __packed struct _MSC_CBW {
C:\Users\pan39\AppData\Local\Arm\Packs\Keil\MDK-Middleware\7.0.0\USB\Include\usb_msc.h(56): warning:  #3108-D: attribute "__packed__" does not apply here
  typedef __packed struct _MSC_CSW {
main.c: 30 warnings, 0 errors
linking...
Program Size: Code=37648 RO-data=1236 RW-data=248 ZI-data=16928  
".\Objects\MyDAP.axf" - 0 Error(s), 30 Warning(s).

<h2>Software Packages used:</h2>

Package Vendor: ARM
                http://www.keil.com/pack/ARM.CMSIS.4.5.0.pack
                ARM.CMSIS.4.5.0
                CMSIS (Cortex Microcontroller Software Interface Standard)
   * Component: USB Device Version: 2.01
   * Component: RTOS Version: 1.0
   * Component: CORE Version: 4.3.0
   * Component: Keil RTX Version: 4.80.0

Package Vendor: Keil
                http://www.keil.com/pack/Keil.MDK-Middleware.7.0.0.pack
                Keil.MDK-Middleware.7.0.0
                Keil MDK-ARM Professional Middleware for ARM Cortex-M based devices
   * Component: CORE Version: 6.6.10
   * Component: Device Version: 6.6.10
   * Component: HID Version: 6.6.10

Package Vendor: Keil
                http://www.keil.com/pack/Keil.STM32F4xx_DFP.2.6.0.pack
                Keil.STM32F4xx_DFP.2.6.0
                STMicroelectronics STM32F4 Series Device Support, Drivers and Examples
   * Component: STM32Cube Framework Version: 
   * Component: High-speed Version: 2.10
   * Component: Classic Version: 1.4.0
   * Component: Common Version: 1.4.0
   * Component: Cortex Version: 1.4.0
   * Component: GPIO Version: 1.4.0
   * Component: PWR Version: 1.4.0
   * Component: RCC Version: 1.4.0
   * Component: Startup Version: 2.4.0

<h2>Collection of Component include folders:</h2>
  .\RTE\Device\STM32F407ZGTx
  .\RTE\_Target_1
  C:\Users\pan39\AppData\Local\Arm\Packs\ARM\CMSIS\4.5.0\CMSIS\Driver\Include
  C:\Users\pan39\AppData\Local\Arm\Packs\ARM\CMSIS\4.5.0\CMSIS\Include
  C:\Users\pan39\AppData\Local\Arm\Packs\ARM\CMSIS\4.5.0\CMSIS\RTOS\RTX\INC
  C:\Users\pan39\AppData\Local\Arm\Packs\Keil\MDK-Middleware\7.0.0\USB\Include
  C:\Users\pan39\AppData\Local\Arm\Packs\Keil\STM32F4xx_DFP\2.6.0\Drivers\CMSIS\Device\ST\STM32F4xx\Include
  C:\Users\pan39\AppData\Local\Arm\Packs\Keil\STM32F4xx_DFP\2.6.0\Drivers\STM32F4xx_HAL_Driver\Inc

<h2>Collection of Component Files used:</h2>

   * Component: ::CMSIS Driver:USB Device:2.01 (API)
      Include file:  CMSIS\Driver\Include\Driver_USBD.h

   * Component: ::CMSIS:RTOS:1.0 (API)

   * Component: ::Device:STM32Cube Framework (API)

   * Component: ARM::CMSIS:CORE:4.3.0

   * Component: ARM::CMSIS:RTOS:Keil RTX:4.80.0
      Include file:  CMSIS\RTOS\RTX\INC\cmsis_os.h
      Source file:   CMSIS\RTOS\RTX\UserCodeTemplates\MsgQueue.c
      Source file:   CMSIS\RTOS\RTX\UserCodeTemplates\Thread.c
      Source file:   CMSIS\RTOS\RTX\Templates\RTX_Conf_CM.c
      Include file:  CMSIS\RTOS\RTX\UserCodeTemplates\osObjects.h
      Source file:   CMSIS\RTOS\RTX\UserCodeTemplates\main.c
      Source file:   CMSIS\RTOS\RTX\UserCodeTemplates\MailQueue.c
      Source file:   CMSIS\RTOS\RTX\UserCodeTemplates\MemPool.c
      Source file:   CMSIS\RTOS\RTX\UserCodeTemplates\Mutex.c
      Source file:   CMSIS\RTOS\RTX\UserCodeTemplates\Semaphore.c
      Source file:   CMSIS\RTOS\RTX\UserCodeTemplates\Timer.c
      Source file:   CMSIS\RTOS\RTX\SRC\ARM\SVC_Table.s
      Library file:  CMSIS\RTOS\RTX\LIB\ARM\RTX_CM4.lib

   * Component: Keil.MDK-Pro::USB:CORE:6.6.10
      Include file:  USB\Include\rl_usb.h
      Library file:  USB\Lib\ARM\USB_CM3_L.lib

   * Component: Keil.MDK-Pro::USB:Device:6.6.10
      Source file:   USB\Template\USBD_User_Device.c
      Source file:   USB\Template\USBD_User_Device_SerNum.c
      Source file:   USB\Config\USBD_Config.c

   * Component: Keil.MDK-Pro::USB:Device:HID:6.6.10
      Source file:   USB\Template\USBD_User_HID.c
      Source file:   USB\Template\USBD_User_HID_Mouse.c
      Source file:   USB\Config\USBD_Config_HID.h

   * Component: Keil::CMSIS Driver:USB Device:High-speed:2.10
      Source file:   CMSIS\Driver\OTG_HS_STM32F4xx.c
      Source file:   CMSIS\Driver\USBD_HS_STM32F4xx.c

   * Component: Keil::Device:STM32Cube Framework:Classic:1.4.0
      Include file:  MDK\Templates\Inc\stm32f4xx_it.h
      Include file:  MDK\Templates\Inc\main.h
      Source file:   MDK\Templates\Src\stm32f4xx_it.c
      Source file:   MDK\Templates\Src\main.c
      Source file:   MDK\Templates\Src\stm32f4xx_hal_msp.c
      Include file:  MDK\Templates\Inc\stm32f4xx_hal_conf.h
      Include file:  CMSIS\Driver\Config\RTE_Device.h

   * Component: Keil::Device:STM32Cube HAL:Common:1.4.0
      Source file:   Drivers\STM32F4xx_HAL_Driver\Src\stm32f4xx_hal.c
      Include file:  Drivers\STM32F4xx_HAL_Driver\Inc\stm32f4xx_hal.h

   * Component: Keil::Device:STM32Cube HAL:Cortex:1.4.0
      Source file:   Drivers\STM32F4xx_HAL_Driver\Src\stm32f4xx_hal_cortex.c

   * Component: Keil::Device:STM32Cube HAL:GPIO:1.4.0
      Source file:   Drivers\STM32F4xx_HAL_Driver\Src\stm32f4xx_hal_gpio.c

   * Component: Keil::Device:STM32Cube HAL:PWR:1.4.0
      Source file:   Drivers\STM32F4xx_HAL_Driver\Src\stm32f4xx_hal_pwr.c
      Source file:   Drivers\STM32F4xx_HAL_Driver\Src\stm32f4xx_hal_pwr_ex.c

   * Component: Keil::Device:STM32Cube HAL:RCC:1.4.0
      Source file:   Drivers\STM32F4xx_HAL_Driver\Src\stm32f4xx_hal_rcc.c
      Source file:   Drivers\STM32F4xx_HAL_Driver\Src\stm32f4xx_hal_rcc_ex.c

   * Component: Keil::Device:Startup:2.4.0
      Source file:   MDK\Device\Source\ARM\STM32F40xxx_41xxx_OPT.s
      Include file:  Drivers\CMSIS\Device\ST\STM32F4xx\Include\stm32f4xx.h
      Source file:   Drivers\CMSIS\Device\ST\STM32F4xx\Source\Templates\arm\startup_stm32f407xx.s
      Source file:   MDK\Device\Source\ARM\STM32F4xx_OTP.s
      Source file:   MDK\Device\Source\ARM\system_stm32f4xx.c
Build Time Elapsed:  00:00:01
</pre>
</body>
</html>
