Component: ARM Compiler 5.06 update 6 (build 750) Tool: armlink [4d35ed]

==============================================================================

Section Cross References

    main.o(i.HAL_GetTick) refers to rt_time.o(.data) for os_time
    main.o(i.SystemClock_Config) refers to stm32f4xx_hal_rcc.o(i.HAL_RCC_OscConfig) for HAL_RCC_OscConfig
    main.o(i.SystemClock_Config) refers to main.o(i.Error_Handler) for Error_Handler
    main.o(i.SystemClock_Config) refers to stm32f4xx_hal_rcc.o(i.HAL_RCC_ClockConfig) for HAL_RCC_ClockConfig
    main.o(i.SystemClock_Config) refers to stm32f4xx_hal.o(i.HAL_GetREVID) for HAL_GetREVID
    main.o(i.main) refers to stm32f4xx_hal.o(i.HAL_Init) for HAL_Init
    main.o(i.main) refers to main.o(i.SystemClock_Config) for SystemClock_Config
    main.o(i.main) refers to dap.o(i.DAP_Setup) for DAP_Setup
    main.o(i.main) refers to dap.o(i.Delayms) for Delayms
    main.o(i.main) refers to usbd_core.o(i.USBD_Initialize) for USBD_Initialize
    main.o(i.main) refers to usbd_core.o(i.USBD_Connect) for USBD_Connect
    main.o(i.main) refers to usbd_core.o(i.USBD_Configured) for USBD_Configured
    main.o(i.main) refers to rt_cmsis.o(i.osThreadCreate) for osThreadCreate
    main.o(i.main) refers to rt_cmsis.o(i.osThreadGetId) for osThreadGetId
    main.o(i.main) refers to rt_cmsis.o(i.osThreadSetPriority) for osThreadSetPriority
    main.o(i.main) refers to main.o(.constdata) for os_thread_def_HID0_Thread
    main.o(i.main) refers to main.o(.data) for HID0_ThreadId
    main.o(.constdata) refers to usbd_user_hid_0.o(i.HID0_Thread) for HID0_Thread
    dap.o(i.DAP_Connect) refers to dap.o(.bss) for DAP_Data
    dap.o(i.DAP_Disconnect) refers to dap.o(.bss) for DAP_Data
    dap.o(i.DAP_ExecuteCommand) refers to dap.o(i.DAP_ProcessCommand) for DAP_ProcessCommand
    dap.o(i.DAP_Info) refers to dap.o(.constdata) for DAP_FW_Ver
    dap.o(i.DAP_JTAG_Configure) refers to dap.o(.bss) for DAP_Data
    dap.o(i.DAP_JTAG_IDCode) refers to jtag_dp.o(i.JTAG_IR) for JTAG_IR
    dap.o(i.DAP_JTAG_IDCode) refers to jtag_dp.o(i.JTAG_ReadIDCode) for JTAG_ReadIDCode
    dap.o(i.DAP_JTAG_IDCode) refers to dap.o(.bss) for DAP_Data
    dap.o(i.DAP_JTAG_Sequence) refers to jtag_dp.o(i.JTAG_Sequence) for JTAG_Sequence
    dap.o(i.DAP_JTAG_Transfer) refers to jtag_dp.o(i.JTAG_Transfer) for JTAG_Transfer
    dap.o(i.DAP_JTAG_Transfer) refers to jtag_dp.o(i.JTAG_IR) for JTAG_IR
    dap.o(i.DAP_JTAG_Transfer) refers to dap.o(.data) for DAP_TransferAbort
    dap.o(i.DAP_JTAG_Transfer) refers to dap.o(.bss) for DAP_Data
    dap.o(i.DAP_JTAG_TransferBlock) refers to jtag_dp.o(i.JTAG_IR) for JTAG_IR
    dap.o(i.DAP_JTAG_TransferBlock) refers to jtag_dp.o(i.JTAG_Transfer) for JTAG_Transfer
    dap.o(i.DAP_JTAG_TransferBlock) refers to dap.o(.data) for DAP_TransferAbort
    dap.o(i.DAP_JTAG_TransferBlock) refers to dap.o(.bss) for DAP_Data
    dap.o(i.DAP_JTAG_WriteAbort) refers to jtag_dp.o(i.JTAG_IR) for JTAG_IR
    dap.o(i.DAP_JTAG_WriteAbort) refers to jtag_dp.o(i.JTAG_WriteAbort) for JTAG_WriteAbort
    dap.o(i.DAP_JTAG_WriteAbort) refers to dap.o(.bss) for DAP_Data
    dap.o(i.DAP_ProcessCommand) refers to dap.o(i.DAP_ProcessVendorCommand) for DAP_ProcessVendorCommand
    dap.o(i.DAP_ProcessCommand) refers to dap.o(i.DAP_Info) for DAP_Info
    dap.o(i.DAP_ProcessCommand) refers to dap.o(i.DAP_HostStatus) for DAP_HostStatus
    dap.o(i.DAP_ProcessCommand) refers to dap.o(i.DAP_Connect) for DAP_Connect
    dap.o(i.DAP_ProcessCommand) refers to dap.o(i.DAP_Disconnect) for DAP_Disconnect
    dap.o(i.DAP_ProcessCommand) refers to dap.o(i.DAP_Delay) for DAP_Delay
    dap.o(i.DAP_ProcessCommand) refers to dap.o(i.DAP_ResetTarget) for DAP_ResetTarget
    dap.o(i.DAP_ProcessCommand) refers to dap.o(i.DAP_SWJ_Pins) for DAP_SWJ_Pins
    dap.o(i.DAP_ProcessCommand) refers to dap.o(i.DAP_SWJ_Clock) for DAP_SWJ_Clock
    dap.o(i.DAP_ProcessCommand) refers to dap.o(i.DAP_SWJ_Sequence) for DAP_SWJ_Sequence
    dap.o(i.DAP_ProcessCommand) refers to dap.o(i.DAP_SWD_Configure) for DAP_SWD_Configure
    dap.o(i.DAP_ProcessCommand) refers to dap.o(i.DAP_JTAG_Sequence) for DAP_JTAG_Sequence
    dap.o(i.DAP_ProcessCommand) refers to dap.o(i.DAP_JTAG_Configure) for DAP_JTAG_Configure
    dap.o(i.DAP_ProcessCommand) refers to dap.o(i.DAP_JTAG_IDCode) for DAP_JTAG_IDCode
    dap.o(i.DAP_ProcessCommand) refers to dap.o(i.DAP_TransferConfigure) for DAP_TransferConfigure
    dap.o(i.DAP_ProcessCommand) refers to dap.o(i.DAP_Transfer) for DAP_Transfer
    dap.o(i.DAP_ProcessCommand) refers to dap.o(i.DAP_TransferBlock) for DAP_TransferBlock
    dap.o(i.DAP_ProcessCommand) refers to dap.o(i.DAP_WriteAbort) for DAP_WriteAbort
    dap.o(i.DAP_SWD_Configure) refers to dap.o(.bss) for DAP_Data
    dap.o(i.DAP_SWD_Transfer) refers to sw_dp.o(i.SWD_Transfer) for SWD_Transfer
    dap.o(i.DAP_SWD_Transfer) refers to dap.o(.data) for DAP_TransferAbort
    dap.o(i.DAP_SWD_Transfer) refers to dap.o(.bss) for DAP_Data
[...]
    _memcpy_lastbytes_aligned                0x08000653   Thumb Code     0  rt_memcpy_w.o(.text)
    _sys_exit                                0x08000671   Thumb Code     8  sys_exit.o(.text)
    __user_setup_stackheap                   0x0800067d   Thumb Code    74  sys_stackheap_outer.o(.text)
    __I$use$semihosting                      0x080006c7   Thumb Code     0  use_no_semi.o(.text)
    __use_no_semihosting_swi                 0x080006c7   Thumb Code     2  use_no_semi.o(.text)
    SVC_Count                                0x080006c8   Data           4  svc_table.o(SVC_TABLE)
    __semihosting_library_function           0x080006c9   Thumb Code     0  indicate_semi.o(.text)
    SVC_Table                                0x080006cc   Data           0  svc_table.o(SVC_TABLE)
    DAP_ExecuteCommand                       0x08000791   Thumb Code    80  dap.o(i.DAP_ExecuteCommand)
    DAP_ProcessCommand                       0x08000f2d   Thumb Code   298  dap.o(i.DAP_ProcessCommand)
    DAP_ProcessVendorCommand                 0x08001057   Thumb Code    12  dap.o(i.DAP_ProcessVendorCommand)
    DAP_Setup                                0x080017bd   Thumb Code    52  dap.o(i.DAP_Setup)
    Delayms                                  0x0800190d   Thumb Code    24  dap.o(i.Delayms)
    HAL_GPIO_DeInit                          0x08001a89   Thumb Code   326  stm32f4xx_hal_gpio.o(i.HAL_GPIO_DeInit)
    HAL_GPIO_Init                            0x08001bfd   Thumb Code   472  stm32f4xx_hal_gpio.o(i.HAL_GPIO_Init)
    HAL_GPIO_WritePin                        0x08001e05   Thumb Code    12  stm32f4xx_hal_gpio.o(i.HAL_GPIO_WritePin)
    HAL_GetREVID                             0x08001e11   Thumb Code     8  stm32f4xx_hal.o(i.HAL_GetREVID)
    HAL_GetTick                              0x08001e1d   Thumb Code     6  main.o(i.HAL_GetTick)
    HAL_Init                                 0x08001e29   Thumb Code    54  stm32f4xx_hal.o(i.HAL_Init)
    HAL_InitTick                             0x08001e65   Thumb Code    36  stm32f4xx_hal.o(i.HAL_InitTick)
    HAL_MspInit                              0x08001e89   Thumb Code     2  stm32f4xx_hal.o(i.HAL_MspInit)
    HAL_NVIC_SetPriority                     0x08001e8b   Thumb Code   124  stm32f4xx_hal_cortex.o(i.HAL_NVIC_SetPriority)
    HAL_NVIC_SetPriorityGrouping             0x08001f09   Thumb Code    32  stm32f4xx_hal_cortex.o(i.HAL_NVIC_SetPriorityGrouping)
    HAL_RCC_ClockConfig                      0x08001f31   Thumb Code   680  stm32f4xx_hal_rcc.o(i.HAL_RCC_ClockConfig)
    HAL_RCC_GetHCLKFreq                      0x080021e1   Thumb Code    42  stm32f4xx_hal_rcc.o(i.HAL_RCC_GetHCLKFreq)
    HAL_RCC_GetSysClockFreq                  0x08002219   Thumb Code   168  stm32f4xx_hal_rcc.o(i.HAL_RCC_GetSysClockFreq)
    HAL_RCC_OscConfig                        0x080022cd   Thumb Code  1028  stm32f4xx_hal_rcc.o(i.HAL_RCC_OscConfig)
    HAL_SYSTICK_Config                       0x080026d1   Thumb Code    52  stm32f4xx_hal_cortex.o(i.HAL_SYSTICK_Config)
    HID0_Thread                              0x08002705   Thumb Code   270  usbd_user_hid_0.o(i.HID0_Thread)
    JTAG_IR                                  0x08002841   Thumb Code    26  jtag_dp.o(i.JTAG_IR)
    JTAG_IR_Fast                             0x08002861   Thumb Code   304  jtag_dp.o(i.JTAG_IR_Fast)
    JTAG_IR_Slow                             0x08002995   Thumb Code   650  jtag_dp.o(i.JTAG_IR_Slow)
    JTAG_ReadIDCode                          0x08002c25   Thumb Code   426  jtag_dp.o(i.JTAG_ReadIDCode)
    JTAG_Sequence                            0x08002dd5   Thumb Code   160  jtag_dp.o(i.JTAG_Sequence)
    JTAG_Transfer                            0x08002e79   Thumb Code    32  jtag_dp.o(i.JTAG_Transfer)
    JTAG_TransferFast                        0x08002e9d   Thumb Code   590  jtag_dp.o(i.JTAG_TransferFast)
    JTAG_TransferSlow                        0x080030f1   Thumb Code  1368  jtag_dp.o(i.JTAG_TransferSlow)
    JTAG_WriteAbort                          0x0800364d   Thumb Code   722  jtag_dp.o(i.JTAG_WriteAbort)
    OTG_HS_IRQHandler                        0x0800395d   Thumb Code    22  otg_hs_stm32f4xx.o(i.OTG_HS_IRQHandler)
    OTG_HS_PinsConfigure                     0x08003979   Thumb Code   492  otg_hs_stm32f4xx.o(i.OTG_HS_PinsConfigure)
    OTG_HS_PinsUnconfigure                   0x08003b7d   Thumb Code   140  otg_hs_stm32f4xx.o(i.OTG_HS_PinsUnconfigure)
    SWD_Transfer                             0x08003c21   Thumb Code    32  sw_dp.o(i.SWD_Transfer)
    SWD_TransferFast                         0x08003c45   Thumb Code   728  sw_dp.o(i.SWD_TransferFast)
    SWD_TransferSlow                         0x08003f21   Thumb Code  1946  sw_dp.o(i.SWD_TransferSlow)
    SWJ_Sequence                             0x080046c1   Thumb Code    92  sw_dp.o(i.SWJ_Sequence)
    SystemInit                               0x080047d9   Thumb Code    82  system_stm32f4xx.o(i.SystemInit)
    USBD0_Core_Thread                        0x0800483d   Thumb Code     6  usbd_core.o(i.USBD0_Core_Thread)
    USBD0_SignalDeviceEvent                  0x08004843   Thumb Code     8  usbd_config_0.o(i.USBD0_SignalDeviceEvent)
    USBD0_SignalEndpointEvent                0x0800484b   Thumb Code    10  usbd_config_0.o(i.USBD0_SignalEndpointEvent)
    USBD_CheckDevice                         0x08004855   Thumb Code    36  usbd_core.o(i.USBD_CheckDevice)
    USBD_ClassInitialize                     0x08004881   Thumb Code    50  usbd_config_0.o(i.USBD_ClassInitialize)
    USBD_Class_Endpoint0_InDataSent          0x080048b9   Thumb Code     4  usbd_config_0.o(i.USBD_Class_Endpoint0_InDataSent)
    USBD_Class_Endpoint0_OutDataReceived     0x080048bd   Thumb Code     4  usbd_config_0.o(i.USBD_Class_Endpoint0_OutDataReceived)
    USBD_Class_Endpoint0_SetupPacketProcessed 0x080048c1   Thumb Code     2  usbd_config_0.o(i.USBD_Class_Endpoint0_SetupPacketProcessed)
    USBD_Class_Endpoint0_SetupPacketReceived 0x080048c3   Thumb Code     4  usbd_config_0.o(i.USBD_Class_Endpoint0_SetupPacketReceived)
    USBD_ConfigureEndpoint0                  0x080048c9   Thumb Code    58  usbd_core.o(i.USBD_ConfigureEndpoint0)
    USBD_Configured                          0x08004909   Thumb Code    32  usbd_core.o(i.USBD_Configured)
    USBD_Connect                             0x0800492d   Thumb Code    24  usbd_core.o(i.USBD_Connect)
    USBD_Core                                0x08004945   Thumb Code   110  usbd_core.o(i.USBD_Core)
    USBD_Core_Endpoint0_InDataSent           0x080049b5   Thumb Code    52  usbd_core_custom_device.o(i.USBD_Core_Endpoint0_InDataSent)
    USBD_Core_Endpoint0_OutDataReceived      0x080049f5   Thumb Code    52  usbd_core_custom_device.o(i.USBD_Core_Endpoint0_OutDataReceived)
    USBD_Core_Endpoint0_SetupPacketProcessed 0x08004a35   Thumb Code    46  usbd_core_custom_device.o(i.USBD_Core_Endpoint0_SetupPacketProcessed)
    USBD_Core_Endpoint0_SetupPacketReceived  0x08004a71   Thumb Code    58  usbd_core_custom_device.o(i.USBD_Core_Endpoint0_SetupPacketReceived)
    USBD_Core_Thread                         0x08004ab9   Thumb Code   132  usbd_core.o(i.USBD_Core_Thread)
    USBD_DataInStage                         0x08004b45   Thumb Code    78  usbd_core.o(i.USBD_DataInStage)
    USBD_DataOutStage                        0x08004b99   Thumb Code    40  usbd_core.o(i.USBD_DataOutStage)
    USBD_Device0_Endpoint0_InDataSent        0x08004bc5   Thumb Code     4  usbd_config_0.o(i.USBD_Device0_Endpoint0_InDataSent)
    USBD_Device0_Endpoint0_OutDataReceived   0x08004bc9   Thumb Code     4  usbd_config_0.o(i.USBD_Device0_Endpoint0_OutDataReceived)
    USBD_Device0_Endpoint0_SetupPacketProcessed 0x08004bcd   Thumb Code     2  usbd_config_0.o(i.USBD_Device0_Endpoint0_SetupPacketProcessed)
    USBD_Device0_Endpoint0_SetupPacketReceived 0x08004bcf   Thumb Code     4  usbd_config_0.o(i.USBD_Device0_Endpoint0_SetupPacketReceived)
    USBD_Device0_EventReset                  0x08004bd3   Thumb Code     2  usbd_config_0.o(i.USBD_Device0_EventReset)
    USBD_Device0_Initialize                  0x08004bd5   Thumb Code     2  usbd_config_0.o(i.USBD_Device0_Initialize)
    USBD_Device0_Uninitialize                0x08004bd7   Thumb Code     2  usbd_config_0.o(i.USBD_Device0_Uninitialize)
    USBD_DriverDeviceConnect                 0x08004c8d   Thumb Code    56  usbd_core.o(i.USBD_DriverDeviceConnect)
    USBD_DriverDeviceSetAddress              0x08004ccd   Thumb Code    60  usbd_core.o(i.USBD_DriverDeviceSetAddress)
    USBD_DriverEndpointConfigure             0x08004d11   Thumb Code   116  usbd_core.o(i.USBD_DriverEndpointConfigure)
    USBD_DriverEndpointStall                 0x08004d8d   Thumb Code   112  usbd_core.o(i.USBD_DriverEndpointStall)
    USBD_DriverEndpointTransfer              0x08004e05   Thumb Code   148  usbd_core.o(i.USBD_DriverEndpointTransfer)
    USBD_DriverEndpointTransferAbort         0x08004ea1   Thumb Code   110  usbd_core.o(i.USBD_DriverEndpointTransferAbort)
    USBD_DriverEndpointTransferGetResult     0x08004f19   Thumb Code    50  usbd_core.o(i.USBD_DriverEndpointTransferGetResult)
    USBD_DriverEndpointUnconfigure           0x08004f55   Thumb Code   108  usbd_core.o(i.USBD_DriverEndpointUnconfigure)
    USBD_DriverGetCapabilities               0x08004fc9   Thumb Code    12  usbd_core.o(i.USBD_DriverGetCapabilities)
    USBD_DriverGetVersion                    0x08004fd9   Thumb Code    12  usbd_core.o(i.USBD_DriverGetVersion)
    USBD_DriverInitialize                    0x08004fe9   Thumb Code    66  usbd_core.o(i.USBD_DriverInitialize)
    USBD_DriverPowerControl                  0x08005035   Thumb Code    60  usbd_core.o(i.USBD_DriverPowerControl)
    USBD_DriverReadSetupPacket               0x08005079   Thumb Code    60  usbd_core.o(i.USBD_DriverReadSetupPacket)
    USBD_Endpoint0                           0x080050bd   Thumb Code   626  usbd_core.o(i.USBD_Endpoint0)
    USBD_Endpoint0_Out_ADC_ReqToEP           0x08005335   Thumb Code     4  usbd_config_0.o(i.USBD_Endpoint0_Out_ADC_ReqToEP)
    USBD_Endpoint0_Out_ADC_ReqToIF           0x08005339   Thumb Code     4  usbd_config_0.o(i.USBD_Endpoint0_Out_ADC_ReqToIF)
    USBD_Endpoint0_Out_CDC_ReqToIF           0x0800533d   Thumb Code     4  usbd_config_0.o(i.USBD_Endpoint0_Out_CDC_ReqToIF)
    USBD_Endpoint0_Out_HID_ReqToIF           0x08005341   Thumb Code    88  usbd_core_hid.o(i.USBD_Endpoint0_Out_HID_ReqToIF)
    USBD_Endpoint0_ReqGetDescriptor_HID      0x080053a5   Thumb Code   216  usbd_core_hid.o(i.USBD_Endpoint0_ReqGetDescriptor_HID)
    USBD_Endpoint0_Setup_ADC_ReqToEP         0x08005491   Thumb Code     4  usbd_config_0.o(i.USBD_Endpoint0_Setup_ADC_ReqToEP)
    USBD_Endpoint0_Setup_ADC_ReqToIF         0x08005495   Thumb Code     4  usbd_config_0.o(i.USBD_Endpoint0_Setup_ADC_ReqToIF)
    USBD_Endpoint0_Setup_CDC_ReqToIF         0x08005499   Thumb Code     4  usbd_config_0.o(i.USBD_Endpoint0_Setup_CDC_ReqToIF)
    USBD_Endpoint0_Setup_HID_ReqToIF         0x0800549d   Thumb Code   214  usbd_core_hid.o(i.USBD_Endpoint0_Setup_HID_ReqToIF)
    USBD_Endpoint0_Setup_MSC_ReqToIF         0x08005581   Thumb Code     4  usbd_config_0.o(i.USBD_Endpoint0_Setup_MSC_ReqToIF)
    USBD_EndpointStall                       0x080059e9   Thumb Code    90  usbd_core.o(i.USBD_EndpointStall)
    USBD_EventDisableRemoteWakeup            0x08005dfd   Thumb Code     2  usbd_config_0.o(i.USBD_EventDisableRemoteWakeup)
    USBD_EventEnableRemoteWakeup             0x08005dff   Thumb Code     2  usbd_config_0.o(i.USBD_EventEnableRemoteWakeup)
    USBD_EventEndpointClearFeatureStall      0x08005e01   Thumb Code     2  usbd_config_0.o(i.USBD_EventEndpointClearFeatureStall)
    USBD_EventEndpointSetFeatureStall        0x08005e03   Thumb Code     2  usbd_config_0.o(i.USBD_EventEndpointSetFeatureStall)
    USBD_EventEndpointStart                  0x08005e05   Thumb Code    62  usbd_config_0.o(i.USBD_EventEndpointStart)
    USBD_EventEndpointStop                   0x08005e49   Thumb Code     2  usbd_config_0.o(i.USBD_EventEndpointStop)
    USBD_EventHighSpeed                      0x08005e4b   Thumb Code     2  usbd_config_0.o(i.USBD_EventHighSpeed)
    USBD_EventPowerOff                       0x08005e4d   Thumb Code     2  usbd_config_0.o(i.USBD_EventPowerOff)
    USBD_EventPowerOn                        0x08005e4f   Thumb Code     2  usbd_config_0.o(i.USBD_EventPowerOn)
    USBD_EventReset                          0x08005e51   Thumb Code    46  usbd_config_0.o(i.USBD_EventReset)
    USBD_EventResume                         0x08005e89   Thumb Code     2  usbd_config_0.o(i.USBD_EventResume)
    USBD_EventSetConfiguration               0x08005e8d   Thumb Code    38  usbd_config_0.o(i.USBD_EventSetConfiguration)
    USBD_EventSetInterface                   0x08005eb9   Thumb Code     2  usbd_config_0.o(i.USBD_EventSetInterface)
    USBD_EventSuspend                        0x08005ebb   Thumb Code     2  usbd_config_0.o(i.USBD_EventSuspend)
    USBD_HID0_GetProtocol                    0x08005f11   Thumb Code     6  usbd_config_0.o(i.USBD_HID0_GetProtocol)
    USBD_HID0_GetReport                      0x08005f19   Thumb Code   130  usbd_user_hid_0.o(i.USBD_HID0_GetReport)
    USBD_HID0_Initialize                     0x08005fb1   Thumb Code    42  usbd_user_hid_0.o(i.USBD_HID0_Initialize)
    USBD_HID0_SetProtocol                    0x08006001   Thumb Code     4  usbd_config_0.o(i.USBD_HID0_SetProtocol)
    USBD_HID0_SetReport                      0x08006005   Thumb Code   142  usbd_user_hid_0.o(i.USBD_HID0_SetReport)
    USBD_HID0_Thread                         0x080060ad   Thumb Code     6  usbd_hid.o(i.USBD_HID0_Thread)
    USBD_HID0_Uninitialize                   0x080060b3   Thumb Code     2  usbd_user_hid_0.o(i.USBD_HID0_Uninitialize)
    USBD_HID_CheckInstance                   0x080060b5   Thumb Code    46  usbd_hid.o(i.USBD_HID_CheckInstance)
    USBD_HID_ClassInitialize                 0x080060f1   Thumb Code    88  usbd_hid.o(i.USBD_HID_ClassInitialize)
    USBD_HID_CoreGetIdle                     0x0800615d   Thumb Code    46  usbd_hid.o(i.USBD_HID_CoreGetIdle)
    USBD_HID_CoreGetProtocol                 0x08006195   Thumb Code    54  usbd_hid.o(i.USBD_HID_CoreGetProtocol)
    USBD_HID_CoreGetReport                   0x080061d9   Thumb Code    82  usbd_hid.o(i.USBD_HID_CoreGetReport)
    USBD_HID_CoreSetIdle                     0x08006239   Thumb Code   108  usbd_hid.o(i.USBD_HID_CoreSetIdle)
    USBD_HID_CoreSetProtocol                 0x080062b1   Thumb Code    50  usbd_hid.o(i.USBD_HID_CoreSetProtocol)
    USBD_HID_CoreSetReport                   0x080062f1   Thumb Code    82  usbd_hid.o(i.USBD_HID_CoreSetReport)
    USBD_HID_EventEndpointStart              0x08006351   Thumb Code    44  usbd_hid.o(i.USBD_HID_EventEndpointStart)
    USBD_HID_EventReset                      0x08006589   Thumb Code    66  usbd_hid.o(i.USBD_HID_EventReset)
    USBD_HID_EventSetConfiguration           0x080065d5   Thumb Code    58  usbd_hid.o(i.USBD_HID_EventSetConfiguration)
    USBD_HID_GetReportTrigger                0x08006619   Thumb Code   162  usbd_hid.o(i.USBD_HID_GetReportTrigger)
    USBD_HID_Thread                          0x080066c5   Thumb Code    42  usbd_hid.o(i.USBD_HID_Thread)
    USBD_HID_Timer                           0x080066f1   Thumb Code   266  usbd_hid.o(i.USBD_HID_Timer)
    USBD_HS_IRQ                              0x08006809   Thumb Code  1406  usbd_hs_stm32f4xx.o(i.USBD_HS_IRQ)
    USBD_Initialize                          0x08006dcd   Thumb Code   152  usbd_core.o(i.USBD_Initialize)
    USBD_ReqGetConfiguration                 0x080071f1   Thumb Code    30  usbd_core.o(i.USBD_ReqGetConfiguration)
    USBD_ReqGetDescriptor                    0x08007215   Thumb Code   308  usbd_core.o(i.USBD_ReqGetDescriptor)
    USBD_ReqGetInterface                     0x08007351   Thumb Code    48  usbd_core.o(i.USBD_ReqGetInterface)
    USBD_ReqGetStatus                        0x08007385   Thumb Code   118  usbd_core.o(i.USBD_ReqGetStatus)
    USBD_ReqSetAddress                       0x08007401   Thumb Code    36  usbd_core.o(i.USBD_ReqSetAddress)
    USBD_ReqSetClrFeature                    0x08007429   Thumb Code   230  usbd_core.o(i.USBD_ReqSetClrFeature)
    USBD_ReqSetConfiguration                 0x08007515   Thumb Code   544  usbd_core.o(i.USBD_ReqSetConfiguration)
    USBD_ReqSetInterface                     0x0800773d   Thumb Code   380  usbd_core.o(i.USBD_ReqSetInterface)
    USBD_ResetCore                           0x080079d5   Thumb Code    34  usbd_core.o(i.USBD_ResetCore)
    USBD_SetupStage                          0x080079fd   Thumb Code    18  usbd_core.o(i.USBD_SetupStage)
    USBD_SignalDeviceEvent                   0x08007a15   Thumb Code    10  usbd_core.o(i.USBD_SignalDeviceEvent)
    USBD_SignalEndpointEvent                 0x08007a25   Thumb Code    64  usbd_core.o(i.USBD_SignalEndpointEvent)
    USBD_StatusInStage                       0x08007a71   Thumb Code    12  usbd_core.o(i.USBD_StatusInStage)
    USBD_StatusInStageDone                   0x08007a7d   Thumb Code    18  usbd_core.o(i.USBD_StatusInStageDone)
    USBD_StatusOutStage                      0x08007a8f   Thumb Code    12  usbd_core.o(i.USBD_StatusOutStage)
    USBD_StatusOutStageDone                  0x08007a9d   Thumb Code    48  usbd_core.o(i.USBD_StatusOutStageDone)
    USBD_SwitchToHighSpeedCore               0x08007ad1   Thumb Code    20  usbd_core.o(i.USBD_SwitchToHighSpeedCore)
    _init_box                                0x08007c01   Thumb Code    70  rt_membox.o(i._init_box)
    _mutex_acquire                           0x08007c49   Thumb Code    22  rtx_conf_cm.o(i._mutex_acquire)
    _mutex_release                           0x08007c69   Thumb Code    18  rtx_conf_cm.o(i._mutex_release)
    dbg_init                                 0x08007c85   Thumb Code    34  hal_cm.o(i.dbg_init)
    dbg_task_notify                          0x08007cb5   Thumb Code    32  hal_cm.o(i.dbg_task_notify)
    dbg_task_switch                          0x08007cd5   Thumb Code    16  hal_cm.o(i.dbg_task_switch)
    isrMessageGet                            0x08007ce5   Thumb Code    42  rt_cmsis.o(i.isrMessageGet)
    isrMessagePut                            0x08007d0f   Thumb Code    44  rt_cmsis.o(i.isrMessagePut)
    isrSemaphoreRelease                      0x08007d3b   Thumb Code    40  rt_cmsis.o(i.isrSemaphoreRelease)
    isrSignalSet                             0x08007d63   Thumb Code    36  rt_cmsis.o(i.isrSignalSet)
    isr_evt_set                              0x08007d89   Thumb Code    34  rt_event.o(i.isr_evt_set)
    isr_mbx_receive                          0x08007db1   Thumb Code    82  rt_mailbox.o(i.isr_mbx_receive)
    isr_mbx_send                             0x08007e03   Thumb Code    14  rt_mailbox.o(i.isr_mbx_send)
    isr_sem_send                             0x08007e11   Thumb Code    16  rt_semaphore.o(i.isr_sem_send)
    main                                     0x08007e21   Thumb Code    72  main.o(i.main)
    osDelay                                  0x08007e71   Thumb Code    18  rt_cmsis.o(i.osDelay)
    osKernelInitialize                       0x08007e89   Thumb Code    30  rt_cmsis.o(i.osKernelInitialize)
    osKernelStart                            0x08007ead   Thumb Code    98  rt_cmsis.o(i.osKernelStart)
    osMessageGet                             0x08007f19   Thumb Code    18  rt_cmsis.o(i.osMessageGet)
    osSemaphoreCreate                        0x08007f31   Thumb Code    38  rt_cmsis.o(i.osSemaphoreCreate)
    osSemaphoreRelease                       0x08007f61   Thumb Code    18  rt_cmsis.o(i.osSemaphoreRelease)
    osSemaphoreWait                          0x08007f79   Thumb Code    20  rt_cmsis.o(i.osSemaphoreWait)
    osSignalSet                              0x08007f91   Thumb Code    18  rt_cmsis.o(i.osSignalSet)
    osSignalWait                             0x08007fa9   Thumb Code    18  rt_cmsis.o(i.osSignalWait)
    osThreadCreate                           0x08007fc1   Thumb Code    38  rt_cmsis.o(i.osThreadCreate)
    osThreadExit                             0x08007ff1   Thumb Code    14  rt_cmsis.o(i.osThreadExit)
    osThreadGetId                            0x08008009   Thumb Code    18  rt_cmsis.o(i.osThreadGetId)
    osThreadSetPriority                      0x08008021   Thumb Code    18  rt_cmsis.o(i.osThreadSetPriority)
    osTimerCall                              0x08008039   Thumb Code     8  rt_cmsis.o(i.osTimerCall)
    osTimerCreate                            0x08008045   Thumb Code    44  rt_cmsis.o(i.osTimerCreate)
    osTimerStart                             0x08008079   Thumb Code    18  rt_cmsis.o(i.osTimerStart)
    osTimerStop                              0x08008091   Thumb Code    18  rt_cmsis.o(i.osTimerStop)
    osTimerThread                            0x080080a9   Thumb Code    38  rt_cmsis.o(i.osTimerThread)
    os_error                                 0x080080d5   Thumb Code    34  rtx_conf_cm.o(i.os_error)
    os_idle_demon                            0x080080f7   Thumb Code     4  rtx_conf_cm.o(i.os_idle_demon)
    os_tick_init                             0x080080fd   Thumb Code    32  rt_system.o(i.os_tick_init)
    os_tick_irqack                           0x08008125   Thumb Code     2  rt_system.o(i.os_tick_irqack)
    rt_alloc_box                             0x08008127   Thumb Code    26  rt_membox.o(i.rt_alloc_box)
    rt_alloc_mem                             0x08008141   Thumb Code    62  rt_memory.o(i.rt_alloc_mem)
    rt_block                                 0x08008181   Thumb Code    48  rt_task.o(i.rt_block)
    rt_chk_robin                             0x080081b9   Thumb Code    60  rt_robin.o(i.rt_chk_robin)
    rt_dec_dly                               0x08008201   Thumb Code   102  rt_list.o(i.rt_dec_dly)
    rt_dispatch                              0x08008271   Thumb Code    60  rt_task.o(i.rt_dispatch)
    rt_dly_wait                              0x080082b5   Thumb Code     6  rt_time.o(i.rt_dly_wait)
    rt_evt_psh                               0x080082bd   Thumb Code    76  rt_event.o(i.rt_evt_psh)
    rt_evt_set                               0x0800830d   Thumb Code    88  rt_event.o(i.rt_evt_set)
    rt_evt_wait                              0x08008369   Thumb Code    56  rt_event.o(i.rt_evt_wait)
    rt_free_box                              0x080083a5   Thumb Code    44  rt_membox.o(i.rt_free_box)
    rt_free_mem                              0x080083d1   Thumb Code    40  rt_memory.o(i.rt_free_mem)
    rt_get_first                             0x080083f9   Thumb Code    40  rt_list.o(i.rt_get_first)
    rt_init_mem                              0x08008471   Thumb Code    26  rt_memory.o(i.rt_init_mem)
    rt_init_robin                            0x0800848d   Thumb Code    14  rt_robin.o(i.rt_init_robin)
    rt_init_stack                            0x080084a5   Thumb Code   118  hal_cm.o(i.rt_init_stack)
    rt_mbx_check                             0x08008525   Thumb Code     8  rt_mailbox.o(i.rt_mbx_check)
    rt_mbx_init                              0x0800852d   Thumb Code    26  rt_mailbox.o(i.rt_mbx_init)
    rt_mbx_psh                               0x08008549   Thumb Code   236  rt_mailbox.o(i.rt_mbx_psh)
    rt_mbx_wait                              0x08008639   Thumb Code   174  rt_mailbox.o(i.rt_mbx_wait)
    rt_mut_release                           0x08008731   Thumb Code   208  rt_mutex.o(i.rt_mut_release)
    rt_mut_wait                              0x08008809   Thumb Code   100  rt_mutex.o(i.rt_mut_wait)
    rt_pop_req                               0x08008871   Thumb Code   112  rt_system.o(i.rt_pop_req)
    rt_psh_req                               0x080088ed   Thumb Code    22  rt_system.o(i.rt_psh_req)
    rt_psq_enq                               0x0800890d   Thumb Code    88  rt_list.o(i.rt_psq_enq)
    rt_put_dly                               0x08008969   Thumb Code    68  rt_list.o(i.rt_put_dly)
    rt_put_prio                              0x080089b1   Thumb Code    54  rt_list.o(i.rt_put_prio)
    rt_put_rdy_first                         0x080089e9   Thumb Code    14  rt_list.o(i.rt_put_rdy_first)
    rt_resort_prio                           0x080089fd   Thumb Code    46  rt_list.o(i.rt_resort_prio)
    rt_ret_val                               0x08008a41   Thumb Code    12  hal_cm.o(i.rt_ret_val)
    rt_ret_val2                              0x08008a4d   Thumb Code    16  hal_cm.o(i.rt_ret_val2)
    rt_rmv_dly                               0x08008a5d   Thumb Code    40  rt_list.o(i.rt_rmv_dly)
    rt_rmv_list                              0x08008a85   Thumb Code    44  rt_list.o(i.rt_rmv_list)
    rt_sem_init                              0x08008ab5   Thumb Code    12  rt_semaphore.o(i.rt_sem_init)
    rt_sem_psh                               0x08008ac1   Thumb Code    48  rt_semaphore.o(i.rt_sem_psh)
    rt_sem_send                              0x08008af5   Thumb Code    42  rt_semaphore.o(i.rt_sem_send)
    rt_sem_wait                              0x08008b21   Thumb Code    58  rt_semaphore.o(i.rt_sem_wait)
    rt_stk_check                             0x08008b61   Thumb Code    28  rt_system.o(i.rt_stk_check)
    rt_switch_req                            0x08008b85   Thumb Code    30  rt_task.o(i.rt_switch_req)
    rt_sys_init                              0x08008bad   Thumb Code   138  rt_task.o(i.rt_sys_init)
    rt_sys_start                             0x08008c79   Thumb Code   110  rt_task.o(i.rt_sys_start)
    rt_systick                               0x08008cf1   Thumb Code    50  rt_system.o(i.rt_systick)
    rt_tsk_create                            0x08008db5   Thumb Code   118  rt_task.o(i.rt_tsk_create)
    rt_tsk_delete                            0x08008e3d   Thumb Code   352  rt_task.o(i.rt_tsk_delete)
    rt_tsk_prio                              0x08008fb9   Thumb Code   108  rt_task.o(i.rt_tsk_prio)
    rt_tsk_self                              0x08009035   Thumb Code    12  rt_task.o(i.rt_tsk_self)
    svcDelay                                 0x08009045   Thumb Code    18  rt_cmsis.o(i.svcDelay)
    svcKernelInitialize                      0x08009059   Thumb Code    80  rt_cmsis.o(i.svcKernelInitialize)
    svcKernelStart                           0x080090c9   Thumb Code    62  rt_cmsis.o(i.svcKernelStart)
    svcMessageCreate                         0x08009111   Thumb Code    36  rt_cmsis.o(i.svcMessageCreate)
    svcMessageGet                            0x08009135   Thumb Code    58  rt_cmsis.o(i.svcMessageGet)
    svcSemaphoreCreate                       0x0800916f   Thumb Code    36  rt_cmsis.o(i.svcSemaphoreCreate)
    svcSemaphoreRelease                      0x08009193   Thumb Code    40  rt_cmsis.o(i.svcSemaphoreRelease)
    svcSemaphoreWait                         0x080091bb   Thumb Code    50  rt_cmsis.o(i.svcSemaphoreWait)
    svcSignalSet                             0x080091ed   Thumb Code    36  rt_cmsis.o(i.svcSignalSet)
    svcSignalWait                            0x08009211   Thumb Code    80  rt_cmsis.o(i.svcSignalWait)
    svcThreadCreate                          0x08009265   Thumb Code   100  rt_cmsis.o(i.svcThreadCreate)
    svcThreadGetId                           0x080092d5   Thumb Code    22  rt_cmsis.o(i.svcThreadGetId)
    svcThreadSetPriority                     0x080092f1   Thumb Code    46  rt_cmsis.o(i.svcThreadSetPriority)
    svcThreadTerminate                       0x08009321   Thumb Code    50  rt_cmsis.o(i.svcThreadTerminate)
    svcTimerCall                             0x08009359   Thumb Code    24  rt_cmsis.o(i.svcTimerCall)
    svcTimerCreate                           0x08009371   Thumb Code    52  rt_cmsis.o(i.svcTimerCreate)
    svcTimerStart                            0x080093a9   Thumb Code    96  rt_cmsis.o(i.svcTimerStart)
    svcTimerStop                             0x0800940d   Thumb Code    36  rt_cmsis.o(i.svcTimerStop)
    sysTimerTick                             0x08009431   Thumb Code    84  rt_cmsis.o(i.sysTimerTick)
    _fp_init                                 0x0800948d   Thumb Code    10  fpinit.o(x$fpl$fpinit)
    __fplib_config_fpu_vfp                   0x08009495   Thumb Code     0  fpinit.o(x$fpl$fpinit)
    __fplib_config_pureend_doubles           0x08009495   Thumb Code     0  fpinit.o(x$fpl$fpinit)
    os_thread_def_HID0_Thread                0x08009498   Data          16  main.o(.constdata)
    DAP_FW_Ver                               0x080094a8   Data           5  dap.o(.constdata)
    os_maxtaskrun                            0x080094b0   Data           2  rtx_conf_cm.o(.constdata)
    os_stackinfo                             0x080094b4   Data           4  rtx_conf_cm.o(.constdata)
    os_rrobin                                0x080094b8   Data           4  rtx_conf_cm.o(.constdata)
    os_tickfreq                              0x080094bc   Data           4  rtx_conf_cm.o(.constdata)
    os_tickus_i                              0x080094c0   Data           2  rtx_conf_cm.o(.constdata)
    os_tickus_f                              0x080094c2   Data           2  rtx_conf_cm.o(.constdata)
    os_trv                                   0x080094c4   Data           4  rtx_conf_cm.o(.constdata)
    os_flags                                 0x080094c8   Data           1  rtx_conf_cm.o(.constdata)
    CMSIS_RTOS_API_Version                   0x080094cc   Data           4  rtx_conf_cm.o(.constdata)
    CMSIS_RTOS_RTX_Version                   0x080094d0   Data           4  rtx_conf_cm.o(.constdata)
    os_clockrate                             0x080094d4   Data           4  rtx_conf_cm.o(.constdata)
    os_timernum                              0x080094d8   Data           4  rtx_conf_cm.o(.constdata)
    mp_tcb_size                              0x080094dc   Data           2  rtx_conf_cm.o(.constdata)
    mp_stk_size                              0x080094e0   Data           4  rtx_conf_cm.o(.constdata)
    os_stack_sz                              0x080094e4   Data           4  rtx_conf_cm.o(.constdata)
    os_fifo_size                             0x080094e8   Data           1  rtx_conf_cm.o(.constdata)
    os_thread_def_osTimerThread              0x080094ec   Data          16  rtx_conf_cm.o(.constdata)
    os_messageQ_def_osTimerMessageQ          0x080094fc   Data           8  rtx_conf_cm.o(.constdata)
    mp_tmr_size                              0x08009504   Data           2  rtx_conf_cm.o(.constdata)
    Driver_USBD1                             0x08009510   Data          72  usbd_hs_stm32f4xx.o(.constdata)
    APBAHBPrescTable                         0x08009558   Data          16  stm32f4xx_hal_rcc.o(.constdata)
    os_thread_def_USBD0_Core_Thread          0x08009568   Data          16  usbd_config_0.o(.constdata)
    usbd0_dev                                0x08009578   Data          24  usbd_config_0.o(.constdata)
    os_semaphore_def_usbd0_driver_semaphore_def 0x08009590   Data           4  usbd_config_0.o(.constdata)
    usbd_driver_semaphore_def_ptr            0x08009594   Data           4  usbd_config_0.o(.constdata)
    usbd_dev_num                             0x08009598   Data           1  usbd_config_0.o(.constdata)
    usbd_dev_ptr                             0x0800959c   Data           4  usbd_config_0.o(.constdata)
    os_thread_def_USBD_HID0_Thread           0x080095a0   Data          16  usbd_config_0.o(.constdata)
    usbd_hid_thread_def_ptr                  0x080095b0   Data           4  usbd_config_0.o(.constdata)
    os_timer_def_usbd_hid0_timer             0x080095b4   Data           8  usbd_config_0.o(.constdata)
    usbd_hid_timer_def_ptr                   0x080095bc   Data           4  usbd_config_0.o(.constdata)
    usbd_hid_num                             0x080095c0   Data           1  usbd_config_0.o(.constdata)
    usbd_hid                                 0x080095c4   Data          56  usbd_config_0.o(.constdata)
    usbd_ep_max_num                          0x080095fc   Data           1  usbd_config_0.o(.constdata)
    usbd_core_thread_def_ptr                 0x08009600   Data           4  usbd_config_0.o(.constdata)
    usbd_cb_device_event_ptr                 0x08009604   Data           4  usbd_config_0.o(.constdata)
    usbd_cb_endpoint_event_ptr               0x08009608   Data           4  usbd_config_0.o(.constdata)
    USBD_HID_Initialize                      0x0800960c   Data           4  usbd_config_0.o(.constdata)
    USBD_HID_Uninitialize                    0x08009610   Data           4  usbd_config_0.o(.constdata)
    USBD_HID_GetReport                       0x08009614   Data           4  usbd_config_0.o(.constdata)
    USBD_HID_SetReport                       0x08009618   Data           4  usbd_config_0.o(.constdata)
    USBD_HID_GetProtocol                     0x0800961c   Data           4  usbd_config_0.o(.constdata)
    USBD_HID_SetProtocol                     0x08009620   Data           4  usbd_config_0.o(.constdata)
    USBD_Device_Initialize                   0x08009624   Data           4  usbd_config_0.o(.constdata)
    USBD_Device_Uninitialize                 0x08009628   Data           4  usbd_config_0.o(.constdata)
    USBD_Device_EventReset                   0x0800962c   Data           4  usbd_config_0.o(.constdata)
    USBD_Device_Endpoint0_SetupPacketReceived 0x08009630   Data           4  usbd_config_0.o(.constdata)
    USBD_Device_Endpoint0_SetupPacketProcessed 0x08009634   Data           4  usbd_config_0.o(.constdata)
    USBD_Device_Endpoint0_OutDataReceived    0x08009638   Data           4  usbd_config_0.o(.constdata)
    USBD_Device_Endpoint0_InDataSent         0x0800963c   Data           4  usbd_config_0.o(.constdata)
    usbd_hid0_report_descriptor              0x08009640   Data          35  usbd_config_0.o(.constdata)
    usbd_hid_desc_ptr                        0x08009664   Data           4  usbd_config_0.o(.constdata)
    usbd0_ep0_descriptor                     0x08009668   Data           7  usbd_config_0.o(.constdata)
    usbd0_device_descriptor                  0x0800966f   Data          18  usbd_config_0.o(.constdata)
    usbd0_config_descriptor_fs               0x08009681   Data          42  usbd_config_0.o(.constdata)
    usbd0_device_qualifier_fs                0x080096ab   Data          10  usbd_config_0.o(.constdata)
    usbd0_device_qualifier_hs                0x080096b5   Data          10  usbd_config_0.o(.constdata)
    usbd0_config_descriptor_hs               0x080096bf   Data          42  usbd_config_0.o(.constdata)
    usbd0_other_speed_config_descriptor_fs   0x080096e9   Data          42  usbd_config_0.o(.constdata)
    usbd0_other_speed_config_descriptor_hs   0x08009713   Data          42  usbd_config_0.o(.constdata)
    usbd0_string_descriptor                  0x0800973e   Data         100  usbd_config_0.o(.constdata)
    INTERVAL_HS                              0x080097a2   Data          32  usbd_hid.o(.constdata)
    Region$$Table$$Base                      0x080097c4   Number         0  anon$$obj.o(Region$$Table)
    Region$$Table$$Limit                     0x080097e4   Number         0  anon$$obj.o(Region$$Table)
    HID0_ThreadId                            0x20000000   Data           4  main.o(.data)
    DAP_TransferAbort                        0x20000004   Data           1  dap.o(.data)
    osThreadId_osTimerThread                 0x20000018   Data           4  rtx_conf_cm.o(.data)
    osMessageQId_osTimerMessageQ             0x2000001c   Data           4  rtx_conf_cm.o(.data)
    os_tmr                                   0x20000020   Data           4  rtx_conf_cm.o(.data)
    m_tmr                                    0x20000024   Data           4  rtx_conf_cm.o(.data)
    os_thread_def_main                       0x2000002c   Data          16  rtx_conf_cm.o(.data)
    otg_hs_role                              0x2000003c   Data           1  otg_hs_stm32f4xx.o(.data)
    SystemCoreClock                          0x20000060   Data           4  system_stm32f4xx.o(.data)
    usbd0_alt_setting                        0x20000064   Data           1  usbd_config_0.o(.data)
    usbd_core_thread_id                      0x20000068   Data           4  usbd_config_0.o(.data)
    usbd_driver_semaphore_id                 0x2000006c   Data           4  usbd_config_0.o(.data)
    os_semaphore_cb_usbd0_driver_semaphore_def 0x20000070   Data           8  usbd_config_0.o(.data)
    usbd_hid_thread_id                       0x20000078   Data           4  usbd_config_0.o(.data)
    usbd_hid_timer_id                        0x2000007c   Data           4  usbd_config_0.o(.data)
    usbd_hid0_idle_count                     0x20000080   Data           2  usbd_config_0.o(.data)
    usbd_hid0_idle_reload                    0x20000082   Data           2  usbd_config_0.o(.data)
    usbd_hid0_idle_set                       0x20000084   Data           1  usbd_config_0.o(.data)
    usbd_hid0_feat_report                    0x20000088   Data           1  usbd_config_0.o(.data)
    usbd_hid_ptr                             0x2000008c   Data           4  usbd_config_0.o(.data)
    usbd_ep_thread_id_ptr                    0x20000090   Data           8  usbd_config_0.o(.data)
    usbd_drv_version                         0x20000098   Data           4  usbd_config_0.o(.data)
    usbd_capabilities                        0x2000009c   Data           4  usbd_config_0.o(.data)
    usbd_hid0_desc                           0x200000a0   Data           8  usbd_config_0.o(.data)
    usbd0_desc                               0x200000a8   Data          36  usbd_config_0.o(.data)
    usbd_desc_ptr                            0x200000cc   Data           4  usbd_config_0.o(.data)
    os_initialized                           0x200000d0   Data           1  rt_cmsis.o(.data)
    os_running                               0x200000d1   Data           1  rt_cmsis.o(.data)
    os_timer_head                            0x200000d4   Data           4  rt_cmsis.o(.data)
    os_tsk                                   0x200000d8   Data           8  rt_task.o(.data)
    os_time                                  0x200000e0   Data           4  rt_time.o(.data)
    os_tick_irqn                             0x200000e8   Data           4  rt_system.o(.data)
    os_robin                                 0x200000ec   Data           8  rt_robin.o(.data)
    dbg_msg                                  0x200000f4   Data           1  hal_cm.o(.data)
    DAP_Data                                 0x200000f8   Data          64  dap.o(.bss)
    mp_tcb                                   0x20002138   Data         272  rtx_conf_cm.o(.bss)
    mp_stk                                   0x20002248   Data         272  rtx_conf_cm.o(.bss)
    os_stack_mem                             0x20002358   Data        2616  rtx_conf_cm.o(.bss)
    os_fifo                                  0x20002d90   Data         132  rtx_conf_cm.o(.bss)
    os_active_TCB                            0x20002e14   Data          20  rtx_conf_cm.o(.bss)
    os_messageQ_q_osTimerMessageQ            0x20002e28   Data          32  rtx_conf_cm.o(.bss)
    usbd0_ep0_buf                            0x20003198   Data          64  usbd_config_0.o(.bss)
    usbd0_data                               0x200031d8   Data          52  usbd_config_0.o(.bss)
    os_timer_cb_usbd_hid0_timer              0x2000320c   Data          24  usbd_config_0.o(.bss)
    usbd_hid0_in_report                      0x20003224   Data        1025  usbd_config_0.o(.bss)
    usbd_hid0_out_report                     0x20003628   Data        1025  usbd_config_0.o(.bss)
    usbd_hid_data                            0x20003a2c   Data          36  usbd_config_0.o(.bss)
    os_idle_TCB                              0x20003a50   Data          52  rt_task.o(.bss)
    os_rdy                                   0x20003a84   Data          24  rt_list.o(.bss)
    os_dly                                   0x20003a9c   Data          24  rt_list.o(.bss)
    __libspace_start                         0x20003ab4   Data          96  libspace.o(.bss)
    __temporary_stack_top$libspace           0x20003b14   Data           0  libspace.o(.bss)



==============================================================================

Memory Map of the image

  Image Entry point : 0x08000189

  Load Region LR_IROM1 (Base: 0x08000000, Size: 0x000098dc, Max: 0x00100000, ABSOLUTE)

    Execution Region ER_IROM1 (Exec base: 0x08000000, Load base: 0x08000000, Size: 0x000097e4, Max: 0x00100000, ABSOLUTE)

    Exec Addr    Load Addr    Size         Type   Attr      Idx    E Section Name        Object

    0x08000000   0x08000000   0x00000188   Data   RO         1557    RESET               startup_stm32f407xx.o
    0x08000188   0x08000188   0x00000008   Code   RO         3334  * !!!main             c_w.l(__main.o)
    0x08000190   0x08000190   0x00000034   Code   RO         3496    !!!scatter          c_w.l(__scatter.o)
    0x080001c4   0x080001c4   0x0000001a   Code   RO         3498    !!handler_copy      c_w.l(__scatter_copy.o)
    0x080001de   0x080001de   0x00000002   PAD
    0x080001e0   0x080001e0   0x0000001c   Code   RO         3500    !!handler_zi        c_w.l(__scatter_zi.o)
    0x080001fc   0x080001fc   0x00000002   Code   RO         3383    .ARM.Collect$$libinit$$00000000  c_w.l(libinit.o)
    0x080001fe   0x080001fe   0x00000004   Code   RO         3394    .ARM.Collect$$libinit$$00000001  c_w.l(libinit2.o)
    0x08000202   0x08000202   0x00000000   Code   RO         3397    .ARM.Collect$$libinit$$00000004  c_w.l(libinit2.o)
    0x08000202   0x08000202   0x00000000   Code   RO         3400    .ARM.Collect$$libinit$$0000000A  c_w.l(libinit2.o)
    0x08000202   0x08000202   0x00000000   Code   RO         3402    .ARM.Collect$$libinit$$0000000C  c_w.l(libinit2.o)
    0x08000202   0x08000202   0x00000000   Code   RO         3404    .ARM.Collect$$libinit$$0000000E  c_w.l(libinit2.o)
    0x08000202   0x08000202   0x00000000   Code   RO         3407    .ARM.Collect$$libinit$$00000011  c_w.l(libinit2.o)
    0x08000202   0x08000202   0x00000000   Code   RO         3409    .ARM.Collect$$libinit$$00000013  c_w.l(libinit2.o)
    0x08000202   0x08000202   0x00000000   Code   RO         3411    .ARM.Collect$$libinit$$00000015  c_w.l(libinit2.o)
    0x08000202   0x08000202   0x00000000   Code   RO         3413    .ARM.Collect$$libinit$$00000017  c_w.l(libinit2.o)
    0x08000202   0x08000202   0x00000000   Code   RO         3415    .ARM.Collect$$libinit$$00000019  c_w.l(libinit2.o)
    0x08000202   0x08000202   0x00000000   Code   RO         3417    .ARM.Collect$$libinit$$0000001B  c_w.l(libinit2.o)
    0x08000202   0x08000202   0x00000000   Code   RO         3419    .ARM.Collect$$libinit$$0000001D  c_w.l(libinit2.o)
    0x08000202   0x08000202   0x00000000   Code   RO         3421    .ARM.Collect$$libinit$$0000001F  c_w.l(libinit2.o)
    0x08000202   0x08000202   0x00000000   Code   RO         3423    .ARM.Collect$$libinit$$00000021  c_w.l(libinit2.o)
    0x08000202   0x08000202   0x00000000   Code   RO         3425    .ARM.Collect$$libinit$$00000023  c_w.l(libinit2.o)
    0x08000202   0x08000202   0x00000000   Code   RO         3427    .ARM.Collect$$libinit$$00000025  c_w.l(libinit2.o)
    0x08000202   0x08000202   0x00000000   Code   RO         3431    .ARM.Collect$$libinit$$0000002C  c_w.l(libinit2.o)
    0x08000202   0x08000202   0x00000000   Code   RO         3433    .ARM.Collect$$libinit$$0000002E  c_w.l(libinit2.o)
    0x08000202   0x08000202   0x00000000   Code   RO         3435    .ARM.Collect$$libinit$$00000030  c_w.l(libinit2.o)
    0x08000202   0x08000202   0x00000000   Code   RO         3437    .ARM.Collect$$libinit$$00000032  c_w.l(libinit2.o)
    0x08000202   0x08000202   0x00000002   Code   RO         3438    .ARM.Collect$$libinit$$00000033  c_w.l(libinit2.o)
    0x08000204   0x08000204   0x00000002   Code   RO         3384    .ARM.Collect$$libshutdown$$00000000  c_w.l(libshutdown.o)
    0x08000206   0x08000206   0x00000000   Code   RO         3440    .ARM.Collect$$libshutdown$$00000002  c_w.l(libshutdown2.o)
    0x08000206   0x08000206   0x00000000   Code   RO         3442    .ARM.Collect$$libshutdown$$00000004  c_w.l(libshutdown2.o)
    0x08000206   0x08000206   0x00000000   Code   RO         3445    .ARM.Collect$$libshutdown$$00000007  c_w.l(libshutdown2.o)
    0x08000206   0x08000206   0x00000000   Code   RO         3448    .ARM.Collect$$libshutdown$$0000000A  c_w.l(libshutdown2.o)
    0x08000206   0x08000206   0x00000000   Code   RO         3450    .ARM.Collect$$libshutdown$$0000000C  c_w.l(libshutdown2.o)
    0x08000206   0x08000206   0x00000000   Code   RO         3453    .ARM.Collect$$libshutdown$$0000000F  c_w.l(libshutdown2.o)
    0x08000206   0x08000206   0x00000002   Code   RO         3454    .ARM.Collect$$libshutdown$$00000010  c_w.l(libshutdown2.o)
    0x08000208   0x08000208   0x00000000   Code   RO         3336    .ARM.Collect$$rtentry$$00000000  c_w.l(__rtentry.o)
    0x08000208   0x08000208   0x00000000   Code   RO         3346    .ARM.Collect$$rtentry$$00000002  c_w.l(__rtentry2.o)
    0x08000208   0x08000208   0x00000006   Code   RO         3358    .ARM.Collect$$rtentry$$00000004  c_w.l(__rtentry4.o)
    0x0800020e   0x0800020e   0x00000000   Code   RO         3348    .ARM.Collect$$rtentry$$00000009  c_w.l(__rtentry2.o)
    0x0800020e   0x0800020e   0x00000004   Code   RO         3349    .ARM.Collect$$rtentry$$0000000A  c_w.l(__rtentry2.o)
    0x08000212   0x08000212   0x00000008   Code   RO         3350    .ARM.Collect$$rtentry$$0000000B  c_w.l(__rtentry2.o)
    0x0800021a   0x0800021a   0x00000008   Code   RO         3352    .ARM.Collect$$rtentry$$0000000D  c_w.l(__rtentry2.o)
    0x08000222   0x08000222   0x00000002   Code   RO         3337    .ARM.Collect$$rtexit$$00000000  c_w.l(rtexit.o)
    0x08000224   0x08000224   0x00000000   Code   RO         3361    .ARM.Collect$$rtexit$$00000002  c_w.l(rtexit2.o)
    0x08000224   0x08000224   0x00000004   Code   RO         3362    .ARM.Collect$$rtexit$$00000003  c_w.l(rtexit2.o)
    0x08000228   0x08000228   0x00000006   Code   RO         3363    .ARM.Collect$$rtexit$$00000004  c_w.l(rtexit2.o)
    0x0800022e   0x0800022e   0x00000002   PAD
    0x08000230   0x08000230   0x0000001c   Code   RO          583    .emb_text           rtx_conf_cm.o
    0x0800024c   0x0800024c   0x00000198   Code   RO         3273    .emb_text           RTX_CM4.lib(hal_cm4.o)
    0x080003e4   0x080003e4   0x00000040   Code   RO         1558    .text               startup_stm32f407xx.o
    0x08000424   0x08000424   0x00000008   Code   RO         3321    .text               c_w.l(libspace.o)
    0x0800042c   0x0800042c   0x000000ee   Code   RO         3324    .text               c_w.l(lludivv7m.o)
    0x0800051a   0x0800051a   0x00000012   Code   RO         3326    .text               c_w.l(exit.o)
    0x0800052c   0x0800052c   0x0000008a   Code   RO         3328    .text               c_w.l(rt_memcpy_v6.o)
    0x080005b6   0x080005b6   0x0000004e   Code   RO         3330    .text               c_w.l(rt_memclr_w.o)
    0x08000604   0x08000604   0x00000006   Code   RO         3332    .text               c_w.l(heapauxi.o)
    0x0800060a   0x0800060a   0x00000064   Code   RO         3343    .text               c_w.l(rt_memcpy_w.o)
    0x0800066e   0x0800066e   0x00000002   PAD
    0x08000670   0x08000670   0x0000000c   Code   RO         3369    .text               c_w.l(sys_exit.o)
    0x0800067c   0x0800067c   0x0000004a   Code   RO         3371    .text               c_w.l(sys_stackheap_outer.o)
    0x080006c6   0x080006c6   0x00000002   Code   RO         3385    .text               c_w.l(use_no_semi.o)
    0x080006c8   0x080006c8   0x00000000   Code   RO         3387    .text               c_w.l(indicate_semi.o)
    0x080006c8   0x080006c8   0x00000004   Code   RO         3316    SVC_TABLE           RTX_CM4.lib(svc_table.o)
    0x080006cc   0x080006cc   0x00000044   Code   RO          170    i.DAP_Connect       dap.o
    0x08000710   0x08000710   0x00000030   Code   RO          171    i.DAP_Delay         dap.o
    0x08000740   0x08000740   0x00000018   Code   RO          172    i.DAP_Disconnect    dap.o
    0x08000758   0x08000758   0x00000038   Code   RO          173    i.DAP_Dummy_Transfer  dap.o
    0x08000790   0x08000790   0x00000050   Code   RO          174    i.DAP_ExecuteCommand  dap.o
    0x080007e0   0x080007e0   0x00000038   Code   RO          175    i.DAP_HostStatus    dap.o
    0x08000818   0x08000818   0x0000006c   Code   RO          176    i.DAP_Info          dap.o
    0x08000884   0x08000884   0x00000058   Code   RO          177    i.DAP_JTAG_Configure  dap.o
    0x080008dc   0x080008dc   0x00000058   Code   RO          178    i.DAP_JTAG_IDCode   dap.o
    0x08000934   0x08000934   0x0000005a   Code   RO          179    i.DAP_JTAG_Sequence  dap.o
    0x0800098e   0x0800098e   0x00000002   PAD
    0x08000990   0x08000990   0x000003b0   Code   RO          180    i.DAP_JTAG_Transfer  dap.o
    0x08000d40   0x08000d40   0x000001a0   Code   RO          181    i.DAP_JTAG_TransferBlock  dap.o
    0x08000ee0   0x08000ee0   0x0000004c   Code   RO          182    i.DAP_JTAG_WriteAbort  dap.o
    0x08000f2c   0x08000f2c   0x0000012a   Code   RO          183    i.DAP_ProcessCommand  dap.o
    0x08001056   0x08001056   0x0000000c   Code   RO          184    i.DAP_ProcessVendorCommand  dap.o
    0x08001062   0x08001062   0x0000000e   Code   RO          185    i.DAP_ResetTarget   dap.o
    0x08001070   0x08001070   0x00000028   Code   RO          186    i.DAP_SWD_Configure  dap.o
    0x08001098   0x08001098   0x000003a0   Code   RO          187    i.DAP_SWD_Transfer  dap.o
    0x08001438   0x08001438   0x00000178   Code   RO          188    i.DAP_SWD_TransferBlock  dap.o
    0x080015b0   0x080015b0   0x0000002c   Code   RO          189    i.DAP_SWD_WriteAbort  dap.o
    0x080015dc   0x080015dc   0x00000074   Code   RO          190    i.DAP_SWJ_Clock     dap.o
    0x08001650   0x08001650   0x00000144   Code   RO          191    i.DAP_SWJ_Pins      dap.o
    0x08001794   0x08001794   0x00000028   Code   RO          192    i.DAP_SWJ_Sequence  dap.o
    0x080017bc   0x080017bc   0x00000038   Code   RO          193    i.DAP_Setup         dap.o
    0x080017f4   0x080017f4   0x00000044   Code   RO          194    i.DAP_Transfer      dap.o
    0x08001838   0x08001838   0x00000064   Code   RO          195    i.DAP_TransferBlock  dap.o
    0x0800189c   0x0800189c   0x00000030   Code   RO          196    i.DAP_TransferConfigure  dap.o
    0x080018cc   0x080018cc   0x00000040   Code   RO          197    i.DAP_WriteAbort    dap.o
    0x0800190c   0x0800190c   0x00000018   Code   RO          198    i.Delayms           dap.o
    0x08001924   0x08001924   0x00000160   Code   RO          644    i.Enable_GPIO_Clock  otg_hs_stm32f4xx.o
    0x08001a84   0x08001a84   0x00000004   Code   RO            4    i.Error_Handler     main.o
    0x08001a88   0x08001a88   0x00000174   Code   RO         1157    i.HAL_GPIO_DeInit   stm32f4xx_hal_gpio.o
    0x08001bfc   0x08001bfc   0x00000208   Code   RO         1160    i.HAL_GPIO_Init     stm32f4xx_hal_gpio.o
    0x08001e04   0x08001e04   0x0000000c   Code   RO         1164    i.HAL_GPIO_WritePin  stm32f4xx_hal_gpio.o
    0x08001e10   0x08001e10   0x0000000c   Code   RO          887    i.HAL_GetREVID      stm32f4xx_hal.o
    0x08001e1c   0x08001e1c   0x0000000c   Code   RO            5    i.HAL_GetTick       main.o
    0x08001e28   0x08001e28   0x0000003c   Code   RO          890    i.HAL_Init          stm32f4xx_hal.o
    0x08001e64   0x08001e64   0x00000024   Code   RO          891    i.HAL_InitTick      stm32f4xx_hal.o
    0x08001e88   0x08001e88   0x00000002   Code   RO          893    i.HAL_MspInit       stm32f4xx_hal.o
    0x08001e8a   0x08001e8a   0x0000007c   Code   RO         1034    i.HAL_NVIC_SetPriority  stm32f4xx_hal_cortex.o
    0x08001f06   0x08001f06   0x00000002   PAD
    0x08001f08   0x08001f08   0x00000028   Code   RO         1035    i.HAL_NVIC_SetPriorityGrouping  stm32f4xx_hal_cortex.o
    0x08001f30   0x08001f30   0x000002b0   Code   RO         1410    i.HAL_RCC_ClockConfig  stm32f4xx_hal_rcc.o
    0x080021e0   0x080021e0   0x00000038   Code   RO         1415    i.HAL_RCC_GetHCLKFreq  stm32f4xx_hal_rcc.o
    0x08002218   0x08002218   0x000000b4   Code   RO         1419    i.HAL_RCC_GetSysClockFreq  stm32f4xx_hal_rcc.o
    0x080022cc   0x080022cc   0x00000404   Code   RO         1422    i.HAL_RCC_OscConfig  stm32f4xx_hal_rcc.o
    0x080026d0   0x080026d0   0x00000034   Code   RO         1039    i.HAL_SYSTICK_Config  stm32f4xx_hal_cortex.o
    0x08002704   0x08002704   0x0000013c   Code   RO          507    i.HID0_Thread       usbd_user_hid_0.o
    0x08002840   0x08002840   0x00000020   Code   RO          355    i.JTAG_IR           jtag_dp.o
    0x08002860   0x08002860   0x00000134   Code   RO          356    i.JTAG_IR_Fast      jtag_dp.o
    0x08002994   0x08002994   0x00000290   Code   RO          357    i.JTAG_IR_Slow      jtag_dp.o
    0x08002c24   0x08002c24   0x000001b0   Code   RO          358    i.JTAG_ReadIDCode   jtag_dp.o
    0x08002dd4   0x08002dd4   0x000000a4   Code   RO          359    i.JTAG_Sequence     jtag_dp.o
    0x08002e78   0x08002e78   0x00000024   Code   RO          360    i.JTAG_Transfer     jtag_dp.o
    0x08002e9c   0x08002e9c   0x00000254   Code   RO          361    i.JTAG_TransferFast  jtag_dp.o
    0x080030f0   0x080030f0   0x0000055c   Code   RO          362    i.JTAG_TransferSlow  jtag_dp.o
    0x0800364c   0x0800364c   0x000002d8   Code   RO          363    i.JTAG_WriteAbort   jtag_dp.o
    0x08003924   0x08003924   0x00000010   Code   RO         1041    i.NVIC_GetPriorityGrouping  stm32f4xx_hal_cortex.o
    0x08003934   0x08003934   0x00000028   Code   RO         1042    i.NVIC_SetPriority  stm32f4xx_hal_cortex.o
    0x0800395c   0x0800395c   0x0000001c   Code   RO          645    i.OTG_HS_IRQHandler  otg_hs_stm32f4xx.o
    0x08003978   0x08003978   0x00000204   Code   RO          648    i.OTG_HS_PinsConfigure  otg_hs_stm32f4xx.o
    0x08003b7c   0x08003b7c   0x000000a4   Code   RO          649    i.OTG_HS_PinsUnconfigure  otg_hs_stm32f4xx.o
    0x08003c20   0x08003c20   0x00000024   Code   RO          437    i.SWD_Transfer      sw_dp.o
    0x08003c44   0x08003c44   0x000002dc   Code   RO          438    i.SWD_TransferFast  sw_dp.o
    0x08003f20   0x08003f20   0x000007a0   Code   RO          439    i.SWD_TransferSlow  sw_dp.o
    0x080046c0   0x080046c0   0x00000060   Code   RO          440    i.SWJ_Sequence      sw_dp.o
    0x08004720   0x08004720   0x000000b8   Code   RO            6    i.SystemClock_Config  main.o
    0x080047d8   0x080047d8   0x00000064   Code   RO         1566    i.SystemInit        system_stm32f4xx.o
    0x0800483c   0x0800483c   0x00000006   Code   RO         2676    i.USBD0_Core_Thread  USB_CM3_L.lib(usbd_core.o)
    0x08004842   0x08004842   0x00000008   Code   RO         1599    i.USBD0_SignalDeviceEvent  usbd_config_0.o
    0x0800484a   0x0800484a   0x0000000a   Code   RO         1600    i.USBD0_SignalEndpointEvent  usbd_config_0.o
    0x08004854   0x08004854   0x0000002c   Code   RO         2680    i.USBD_CheckDevice  USB_CM3_L.lib(usbd_core.o)
    0x08004880   0x08004880   0x00000038   Code   RO         1601    i.USBD_ClassInitialize  usbd_config_0.o
    0x080048b8   0x080048b8   0x00000004   Code   RO         1603    i.USBD_Class_Endpoint0_InDataSent  usbd_config_0.o
    0x080048bc   0x080048bc   0x00000004   Code   RO         1604    i.USBD_Class_Endpoint0_OutDataReceived  usbd_config_0.o
    0x080048c0   0x080048c0   0x00000002   Code   RO         1605    i.USBD_Class_Endpoint0_SetupPacketProcessed  usbd_config_0.o
    0x080048c2   0x080048c2   0x00000004   Code   RO         1606    i.USBD_Class_Endpoint0_SetupPacketReceived  usbd_config_0.o
    0x080048c6   0x080048c6   0x00000002   PAD
    0x080048c8   0x080048c8   0x00000040   Code   RO         2681    i.USBD_ConfigureEndpoint0  USB_CM3_L.lib(usbd_core.o)
    0x08004908   0x08004908   0x00000024   Code   RO         2682    i.USBD_Configured   USB_CM3_L.lib(usbd_core.o)
    0x0800492c   0x0800492c   0x00000018   Code   RO         2683    i.USBD_Connect      USB_CM3_L.lib(usbd_core.o)
    0x08004944   0x08004944   0x0000006e   Code   RO         2684    i.USBD_Core         USB_CM3_L.lib(usbd_core.o)
    0x080049b2   0x080049b2   0x00000002   PAD
    0x080049b4   0x080049b4   0x00000040   Code   RO         3302    i.USBD_Core_Endpoint0_InDataSent  USB_CM3_L.lib(usbd_core_custom_device.o)
    0x080049f4   0x080049f4   0x00000040   Code   RO         3303    i.USBD_Core_Endpoint0_OutDataReceived  USB_CM3_L.lib(usbd_core_custom_device.o)
    0x08004a34   0x08004a34   0x0000003c   Code   RO         3304    i.USBD_Core_Endpoint0_SetupPacketProcessed  USB_CM3_L.lib(usbd_core_custom_device.o)
    0x08004a70   0x08004a70   0x00000048   Code   RO         3305    i.USBD_Core_Endpoint0_SetupPacketReceived  USB_CM3_L.lib(usbd_core_custom_device.o)
    0x08004ab8   0x08004ab8   0x0000008c   Code   RO         2685    i.USBD_Core_Thread  USB_CM3_L.lib(usbd_core.o)
    0x08004b44   0x08004b44   0x00000054   Code   RO         2686    i.USBD_DataInStage  USB_CM3_L.lib(usbd_core.o)
    0x08004b98   0x08004b98   0x0000002c   Code   RO         2687    i.USBD_DataOutStage  USB_CM3_L.lib(usbd_core.o)
    0x08004bc4   0x08004bc4   0x00000004   Code   RO         1607    i.USBD_Device0_Endpoint0_InDataSent  usbd_config_0.o
    0x08004bc8   0x08004bc8   0x00000004   Code   RO         1608    i.USBD_Device0_Endpoint0_OutDataReceived  usbd_config_0.o
    0x08004bcc   0x08004bcc   0x00000002   Code   RO         1609    i.USBD_Device0_Endpoint0_SetupPacketProcessed  usbd_config_0.o
    0x08004bce   0x08004bce   0x00000004   Code   RO         1610    i.USBD_Device0_Endpoint0_SetupPacketReceived  usbd_config_0.o
    0x08004bd2   0x08004bd2   0x00000002   Code   RO         1611    i.USBD_Device0_EventReset  usbd_config_0.o
    0x08004bd4   0x08004bd4   0x00000002   Code   RO         1612    i.USBD_Device0_Initialize  usbd_config_0.o
    0x08004bd6   0x08004bd6   0x00000002   Code   RO         1613    i.USBD_Device0_Uninitialize  usbd_config_0.o
    0x08004bd8   0x08004bd8   0x00000024   Code   RO          722    i.USBD_DeviceConnect  usbd_hs_stm32f4xx.o
    0x08004bfc   0x08004bfc   0x00000024   Code   RO          723    i.USBD_DeviceDisconnect  usbd_hs_stm32f4xx.o
    0x08004c20   0x08004c20   0x0000000c   Code   RO          724    i.USBD_DeviceGetState  usbd_hs_stm32f4xx.o
    0x08004c2c   0x08004c2c   0x00000038   Code   RO          725    i.USBD_DeviceRemoteWakeup  usbd_hs_stm32f4xx.o
    0x08004c64   0x08004c64   0x00000028   Code   RO          726    i.USBD_DeviceSetAddress  usbd_hs_stm32f4xx.o
    0x08004c8c   0x08004c8c   0x00000040   Code   RO         2689    i.USBD_DriverDeviceConnect  USB_CM3_L.lib(usbd_core.o)
    0x08004ccc   0x08004ccc   0x00000044   Code   RO         2693    i.USBD_DriverDeviceSetAddress  USB_CM3_L.lib(usbd_core.o)
    0x08004d10   0x08004d10   0x0000007c   Code   RO         2694    i.USBD_DriverEndpointConfigure  USB_CM3_L.lib(usbd_core.o)
    0x08004d8c   0x08004d8c   0x00000078   Code   RO         2695    i.USBD_DriverEndpointStall  USB_CM3_L.lib(usbd_core.o)
    0x08004e04   0x08004e04   0x0000009c   Code   RO         2696    i.USBD_DriverEndpointTransfer  USB_CM3_L.lib(usbd_core.o)
    0x08004ea0   0x08004ea0   0x00000078   Code   RO         2697    i.USBD_DriverEndpointTransferAbort  USB_CM3_L.lib(usbd_core.o)
    0x08004f18   0x08004f18   0x0000003c   Code   RO         2698    i.USBD_DriverEndpointTransferGetResult  USB_CM3_L.lib(usbd_core.o)
    0x08004f54   0x08004f54   0x00000074   Code   RO         2699    i.USBD_DriverEndpointUnconfigure  USB_CM3_L.lib(usbd_core.o)
    0x08004fc8   0x08004fc8   0x00000010   Code   RO         2700    i.USBD_DriverGetCapabilities  USB_CM3_L.lib(usbd_core.o)
    0x08004fd8   0x08004fd8   0x00000010   Code   RO         2702    i.USBD_DriverGetVersion  USB_CM3_L.lib(usbd_core.o)
    0x08004fe8   0x08004fe8   0x0000004c   Code   RO         2703    i.USBD_DriverInitialize  USB_CM3_L.lib(usbd_core.o)
    0x08005034   0x08005034   0x00000044   Code   RO         2704    i.USBD_DriverPowerControl  USB_CM3_L.lib(usbd_core.o)
    0x08005078   0x08005078   0x00000044   Code   RO         2705    i.USBD_DriverReadSetupPacket  USB_CM3_L.lib(usbd_core.o)
    0x080050bc   0x080050bc   0x00000278   Code   RO         2707    i.USBD_Endpoint0    USB_CM3_L.lib(usbd_core.o)
    0x08005334   0x08005334   0x00000004   Code   RO         1614    i.USBD_Endpoint0_Out_ADC_ReqToEP  usbd_config_0.o
    0x08005338   0x08005338   0x00000004   Code   RO         1615    i.USBD_Endpoint0_Out_ADC_ReqToIF  usbd_config_0.o
    0x0800533c   0x0800533c   0x00000004   Code   RO         1616    i.USBD_Endpoint0_Out_CDC_ReqToIF  usbd_config_0.o
    0x08005340   0x08005340   0x00000064   Code   RO         3290    i.USBD_Endpoint0_Out_HID_ReqToIF  USB_CM3_L.lib(usbd_core_hid.o)
    0x080053a4   0x080053a4   0x000000ec   Code   RO         3291    i.USBD_Endpoint0_ReqGetDescriptor_HID  USB_CM3_L.lib(usbd_core_hid.o)
    0x08005490   0x08005490   0x00000004   Code   RO         1617    i.USBD_Endpoint0_Setup_ADC_ReqToEP  usbd_config_0.o
    0x08005494   0x08005494   0x00000004   Code   RO         1618    i.USBD_Endpoint0_Setup_ADC_ReqToIF  usbd_config_0.o
    0x08005498   0x08005498   0x00000004   Code   RO         1619    i.USBD_Endpoint0_Setup_CDC_ReqToIF  usbd_config_0.o
    0x0800549c   0x0800549c   0x000000e4   Code   RO         3292    i.USBD_Endpoint0_Setup_HID_ReqToIF  USB_CM3_L.lib(usbd_core_hid.o)
    0x08005580   0x08005580   0x00000004   Code   RO         1620    i.USBD_Endpoint0_Setup_MSC_ReqToIF  usbd_config_0.o
    0x08005584   0x08005584   0x000001f0   Code   RO          727    i.USBD_EndpointConfigure  usbd_hs_stm32f4xx.o
    0x08005774   0x08005774   0x000000c0   Code   RO          728    i.USBD_EndpointReadSet  usbd_hs_stm32f4xx.o
    0x08005834   0x08005834   0x000001b4   Code   RO          729    i.USBD_EndpointStall  usbd_hs_stm32f4xx.o
    0x080059e8   0x080059e8   0x00000060   Code   RO         2711    i.USBD_EndpointStall  USB_CM3_L.lib(usbd_core.o)
    0x08005a48   0x08005a48   0x000000b4   Code   RO          730    i.USBD_EndpointTransfer  usbd_hs_stm32f4xx.o
    0x08005afc   0x08005afc   0x000000cc   Code   RO          731    i.USBD_EndpointTransferAbort  usbd_hs_stm32f4xx.o
    0x08005bc8   0x08005bc8   0x00000028   Code   RO          732    i.USBD_EndpointTransferGetResult  usbd_hs_stm32f4xx.o
    0x08005bf0   0x08005bf0   0x0000020c   Code   RO          733    i.USBD_EndpointUnconfigure  usbd_hs_stm32f4xx.o
    0x08005dfc   0x08005dfc   0x00000002   Code   RO         1621    i.USBD_EventDisableRemoteWakeup  usbd_config_0.o
    0x08005dfe   0x08005dfe   0x00000002   Code   RO         1622    i.USBD_EventEnableRemoteWakeup  usbd_config_0.o
    0x08005e00   0x08005e00   0x00000002   Code   RO         1623    i.USBD_EventEndpointClearFeatureStall  usbd_config_0.o
    0x08005e02   0x08005e02   0x00000002   Code   RO         1624    i.USBD_EventEndpointSetFeatureStall  usbd_config_0.o
    0x08005e04   0x08005e04   0x00000044   Code   RO         1625    i.USBD_EventEndpointStart  usbd_config_0.o
    0x08005e48   0x08005e48   0x00000002   Code   RO         1626    i.USBD_EventEndpointStop  usbd_config_0.o
    0x08005e4a   0x08005e4a   0x00000002   Code   RO         1627    i.USBD_EventHighSpeed  usbd_config_0.o
    0x08005e4c   0x08005e4c   0x00000002   Code   RO         1628    i.USBD_EventPowerOff  usbd_config_0.o
    0x08005e4e   0x08005e4e   0x00000002   Code   RO         1629    i.USBD_EventPowerOn  usbd_config_0.o
    0x08005e50   0x08005e50   0x00000038   Code   RO         1630    i.USBD_EventReset   usbd_config_0.o
    0x08005e88   0x08005e88   0x00000002   Code   RO         1631    i.USBD_EventResume  usbd_config_0.o
    0x08005e8a   0x08005e8a   0x00000002   PAD
    0x08005e8c   0x08005e8c   0x0000002c   Code   RO         1632    i.USBD_EventSetConfiguration  usbd_config_0.o
    0x08005eb8   0x08005eb8   0x00000002   Code   RO         1633    i.USBD_EventSetInterface  usbd_config_0.o
    0x08005eba   0x08005eba   0x00000002   Code   RO         1634    i.USBD_EventSuspend  usbd_config_0.o
    0x08005ebc   0x08005ebc   0x0000001c   Code   RO          734    i.USBD_FlushInEpFifo  usbd_hs_stm32f4xx.o
    0x08005ed8   0x08005ed8   0x0000000c   Code   RO          735    i.USBD_GetCapabilities  usbd_hs_stm32f4xx.o
    0x08005ee4   0x08005ee4   0x0000001c   Code   RO          736    i.USBD_GetFrameNumber  usbd_hs_stm32f4xx.o
    0x08005f00   0x08005f00   0x00000010   Code   RO          737    i.USBD_GetVersion   usbd_hs_stm32f4xx.o
    0x08005f10   0x08005f10   0x00000006   Code   RO         1635    i.USBD_HID0_GetProtocol  usbd_config_0.o
    0x08005f16   0x08005f16   0x00000002   PAD
    0x08005f18   0x08005f18   0x00000098   Code   RO          508    i.USBD_HID0_GetReport  usbd_user_hid_0.o
    0x08005fb0   0x08005fb0   0x00000050   Code   RO          509    i.USBD_HID0_Initialize  usbd_user_hid_0.o
    0x08006000   0x08006000   0x00000004   Code   RO         1638    i.USBD_HID0_SetProtocol  usbd_config_0.o
    0x08006004   0x08006004   0x000000a8   Code   RO          510    i.USBD_HID0_SetReport  usbd_user_hid_0.o
    0x080060ac   0x080060ac   0x00000006   Code   RO         2796    i.USBD_HID0_Thread  USB_CM3_L.lib(usbd_hid.o)
    0x080060b2   0x080060b2   0x00000002   Code   RO          511    i.USBD_HID0_Uninitialize  usbd_user_hid_0.o
    0x080060b4   0x080060b4   0x0000003c   Code   RO         2800    i.USBD_HID_CheckInstance  USB_CM3_L.lib(usbd_hid.o)
    0x080060f0   0x080060f0   0x0000006c   Code   RO         2801    i.USBD_HID_ClassInitialize  USB_CM3_L.lib(usbd_hid.o)
    0x0800615c   0x0800615c   0x00000038   Code   RO         2803    i.USBD_HID_CoreGetIdle  USB_CM3_L.lib(usbd_hid.o)
    0x08006194   0x08006194   0x00000044   Code   RO         2804    i.USBD_HID_CoreGetProtocol  USB_CM3_L.lib(usbd_hid.o)
    0x080061d8   0x080061d8   0x00000060   Code   RO         2805    i.USBD_HID_CoreGetReport  USB_CM3_L.lib(usbd_hid.o)
    0x08006238   0x08006238   0x00000078   Code   RO         2806    i.USBD_HID_CoreSetIdle  USB_CM3_L.lib(usbd_hid.o)
    0x080062b0   0x080062b0   0x00000040   Code   RO         2807    i.USBD_HID_CoreSetProtocol  USB_CM3_L.lib(usbd_hid.o)
    0x080062f0   0x080062f0   0x00000060   Code   RO         2808    i.USBD_HID_CoreSetReport  USB_CM3_L.lib(usbd_hid.o)
    0x08006350   0x08006350   0x00000030   Code   RO         2809    i.USBD_HID_EventEndpointStart  USB_CM3_L.lib(usbd_hid.o)
    0x08006380   0x08006380   0x00000178   Code   RO         2810    i.USBD_HID_EventEpIntIn  USB_CM3_L.lib(usbd_hid.o)
    0x080064f8   0x080064f8   0x00000090   Code   RO         2811    i.USBD_HID_EventEpIntOut  USB_CM3_L.lib(usbd_hid.o)
    0x08006588   0x08006588   0x0000004c   Code   RO         2812    i.USBD_HID_EventReset  USB_CM3_L.lib(usbd_hid.o)
    0x080065d4   0x080065d4   0x00000044   Code   RO         2813    i.USBD_HID_EventSetConfiguration  USB_CM3_L.lib(usbd_hid.o)
    0x08006618   0x08006618   0x000000ac   Code   RO         2814    i.USBD_HID_GetReportTrigger  USB_CM3_L.lib(usbd_hid.o)
    0x080066c4   0x080066c4   0x0000002a   Code   RO         2815    i.USBD_HID_Thread   USB_CM3_L.lib(usbd_hid.o)
    0x080066ee   0x080066ee   0x00000002   PAD
    0x080066f0   0x080066f0   0x00000118   Code   RO         2816    i.USBD_HID_Timer    USB_CM3_L.lib(usbd_hid.o)
    0x08006808   0x08006808   0x00000598   Code   RO          738    i.USBD_HS_IRQ       usbd_hs_stm32f4xx.o
    0x08006da0   0x08006da0   0x0000002c   Code   RO          739    i.USBD_Initialize   usbd_hs_stm32f4xx.o
    0x08006dcc   0x08006dcc   0x000000bc   Code   RO         2714    i.USBD_Initialize   USB_CM3_L.lib(usbd_core.o)
    0x08006e88   0x08006e88   0x0000020c   Code   RO          740    i.USBD_PowerControl  usbd_hs_stm32f4xx.o
    0x08007094   0x08007094   0x00000114   Code   RO          741    i.USBD_ReadFromFifo  usbd_hs_stm32f4xx.o
    0x080071a8   0x080071a8   0x00000048   Code   RO          742    i.USBD_ReadSetupPacket  usbd_hs_stm32f4xx.o
    0x080071f0   0x080071f0   0x00000024   Code   RO         2715    i.USBD_ReqGetConfiguration  USB_CM3_L.lib(usbd_core.o)
    0x08007214   0x08007214   0x0000013c   Code   RO         2716    i.USBD_ReqGetDescriptor  USB_CM3_L.lib(usbd_core.o)
    0x08007350   0x08007350   0x00000034   Code   RO         2717    i.USBD_ReqGetInterface  USB_CM3_L.lib(usbd_core.o)
    0x08007384   0x08007384   0x0000007c   Code   RO         2718    i.USBD_ReqGetStatus  USB_CM3_L.lib(usbd_core.o)
    0x08007400   0x08007400   0x00000028   Code   RO         2719    i.USBD_ReqSetAddress  USB_CM3_L.lib(usbd_core.o)
    0x08007428   0x08007428   0x000000ec   Code   RO         2720    i.USBD_ReqSetClrFeature  USB_CM3_L.lib(usbd_core.o)
    0x08007514   0x08007514   0x00000228   Code   RO         2721    i.USBD_ReqSetConfiguration  USB_CM3_L.lib(usbd_core.o)
    0x0800773c   0x0800773c   0x00000184   Code   RO         2722    i.USBD_ReqSetInterface  USB_CM3_L.lib(usbd_core.o)
    0x080078c0   0x080078c0   0x00000114   Code   RO          743    i.USBD_Reset        usbd_hs_stm32f4xx.o
    0x080079d4   0x080079d4   0x00000028   Code   RO         2723    i.USBD_ResetCore    USB_CM3_L.lib(usbd_core.o)
    0x080079fc   0x080079fc   0x00000018   Code   RO         2724    i.USBD_SetupStage   USB_CM3_L.lib(usbd_core.o)
    0x08007a14   0x08007a14   0x00000010   Code   RO         2725    i.USBD_SignalDeviceEvent  USB_CM3_L.lib(usbd_core.o)
    0x08007a24   0x08007a24   0x0000004c   Code   RO         2726    i.USBD_SignalEndpointEvent  USB_CM3_L.lib(usbd_core.o)
    0x08007a70   0x08007a70   0x0000000c   Code   RO         2727    i.USBD_StatusInStage  USB_CM3_L.lib(usbd_core.o)
    0x08007a7c   0x08007a7c   0x00000012   Code   RO         2728    i.USBD_StatusInStageDone  USB_CM3_L.lib(usbd_core.o)
    0x08007a8e   0x08007a8e   0x0000000c   Code   RO         2729    i.USBD_StatusOutStage  USB_CM3_L.lib(usbd_core.o)
    0x08007a9a   0x08007a9a   0x00000002   PAD
    0x08007a9c   0x08007a9c   0x00000034   Code   RO         2730    i.USBD_StatusOutStageDone  USB_CM3_L.lib(usbd_core.o)
    0x08007ad0   0x08007ad0   0x00000018   Code   RO         2731    i.USBD_SwitchToHighSpeedCore  USB_CM3_L.lib(usbd_core.o)
    0x08007ae8   0x08007ae8   0x00000014   Code   RO          744    i.USBD_Uninitialize  usbd_hs_stm32f4xx.o
    0x08007afc   0x08007afc   0x00000104   Code   RO          745    i.USBD_WriteToFifo  usbd_hs_stm32f4xx.o
    0x08007c00   0x08007c00   0x00000046   Code   RO         3167    i._init_box         RTX_CM4.lib(rt_membox.o)
    0x08007c46   0x08007c46   0x00000002   PAD
    0x08007c48   0x08007c48   0x00000020   Code   RO          585    i._mutex_acquire    rtx_conf_cm.o
    0x08007c68   0x08007c68   0x0000001c   Code   RO          587    i._mutex_release    rtx_conf_cm.o
    0x08007c84   0x08007c84   0x00000030   Code   RO         3220    i.dbg_init          RTX_CM4.lib(hal_cm.o)
    0x08007cb4   0x08007cb4   0x00000020   Code   RO         3221    i.dbg_task_notify   RTX_CM4.lib(hal_cm.o)
    0x08007cd4   0x08007cd4   0x00000010   Code   RO         3222    i.dbg_task_switch   RTX_CM4.lib(hal_cm.o)
    0x08007ce4   0x08007ce4   0x0000002a   Code   RO         1899    i.isrMessageGet     RTX_CM4.lib(rt_cmsis.o)
    0x08007d0e   0x08007d0e   0x0000002c   Code   RO         1900    i.isrMessagePut     RTX_CM4.lib(rt_cmsis.o)
    0x08007d3a   0x08007d3a   0x00000028   Code   RO         1901    i.isrSemaphoreRelease  RTX_CM4.lib(rt_cmsis.o)
    0x08007d62   0x08007d62   0x00000024   Code   RO         1902    i.isrSignalSet      RTX_CM4.lib(rt_cmsis.o)
    0x08007d86   0x08007d86   0x00000002   PAD
    0x08007d88   0x08007d88   0x00000028   Code   RO         2937    i.isr_evt_set       RTX_CM4.lib(rt_event.o)
    0x08007db0   0x08007db0   0x00000052   Code   RO         3055    i.isr_mbx_receive   RTX_CM4.lib(rt_mailbox.o)
    0x08007e02   0x08007e02   0x0000000e   Code   RO         3056    i.isr_mbx_send      RTX_CM4.lib(rt_mailbox.o)
    0x08007e10   0x08007e10   0x00000010   Code   RO         3103    i.isr_sem_send      RTX_CM4.lib(rt_semaphore.o)
    0x08007e20   0x08007e20   0x00000050   Code   RO            7    i.main              main.o
    0x08007e70   0x08007e70   0x00000018   Code   RO         1903    i.osDelay           RTX_CM4.lib(rt_cmsis.o)
    0x08007e88   0x08007e88   0x00000024   Code   RO         1904    i.osKernelInitialize  RTX_CM4.lib(rt_cmsis.o)
    0x08007eac   0x08007eac   0x0000006c   Code   RO         1906    i.osKernelStart     RTX_CM4.lib(rt_cmsis.o)
    0x08007f18   0x08007f18   0x00000018   Code   RO         1915    i.osMessageGet      RTX_CM4.lib(rt_cmsis.o)
    0x08007f30   0x08007f30   0x00000030   Code   RO         1925    i.osSemaphoreCreate  RTX_CM4.lib(rt_cmsis.o)
    0x08007f60   0x08007f60   0x00000018   Code   RO         1927    i.osSemaphoreRelease  RTX_CM4.lib(rt_cmsis.o)
    0x08007f78   0x08007f78   0x00000018   Code   RO         1928    i.osSemaphoreWait   RTX_CM4.lib(rt_cmsis.o)
    0x08007f90   0x08007f90   0x00000018   Code   RO         1930    i.osSignalSet       RTX_CM4.lib(rt_cmsis.o)
    0x08007fa8   0x08007fa8   0x00000018   Code   RO         1931    i.osSignalWait      RTX_CM4.lib(rt_cmsis.o)
    0x08007fc0   0x08007fc0   0x00000030   Code   RO         1932    i.osThreadCreate    RTX_CM4.lib(rt_cmsis.o)
    0x08007ff0   0x08007ff0   0x00000018   Code   RO         1933    i.osThreadExit      RTX_CM4.lib(rt_cmsis.o)
    0x08008008   0x08008008   0x00000018   Code   RO         1934    i.osThreadGetId     RTX_CM4.lib(rt_cmsis.o)
    0x08008020   0x08008020   0x00000018   Code   RO         1936    i.osThreadSetPriority  RTX_CM4.lib(rt_cmsis.o)
    0x08008038   0x08008038   0x0000000c   Code   RO         1939    i.osTimerCall       RTX_CM4.lib(rt_cmsis.o)
    0x08008044   0x08008044   0x00000034   Code   RO         1940    i.osTimerCreate     RTX_CM4.lib(rt_cmsis.o)
    0x08008078   0x08008078   0x00000018   Code   RO         1942    i.osTimerStart      RTX_CM4.lib(rt_cmsis.o)
    0x08008090   0x08008090   0x00000018   Code   RO         1943    i.osTimerStop       RTX_CM4.lib(rt_cmsis.o)
    0x080080a8   0x080080a8   0x0000002c   Code   RO         1944    i.osTimerThread     RTX_CM4.lib(rt_cmsis.o)
    0x080080d4   0x080080d4   0x00000022   Code   RO          588    i.os_error          rtx_conf_cm.o
    0x080080f6   0x080080f6   0x00000004   Code   RO          589    i.os_idle_demon     rtx_conf_cm.o
    0x080080fa   0x080080fa   0x00000002   PAD
    0x080080fc   0x080080fc   0x00000028   Code   RO         2847    i.os_tick_init      RTX_CM4.lib(rt_system.o)
    0x08008124   0x08008124   0x00000002   Code   RO         2848    i.os_tick_irqack    RTX_CM4.lib(rt_system.o)
    0x08008126   0x08008126   0x0000001a   Code   RO         3168    i.rt_alloc_box      RTX_CM4.lib(rt_membox.o)
    0x08008140   0x08008140   0x0000003e   Code   RO         3196    i.rt_alloc_mem      RTX_CM4.lib(rt_memory.o)
    0x0800817e   0x0800817e   0x00000002   PAD
    0x08008180   0x08008180   0x00000038   Code   RO         2524    i.rt_block          RTX_CM4.lib(rt_task.o)
    0x080081b8   0x080081b8   0x00000048   Code   RO         3145    i.rt_chk_robin      RTX_CM4.lib(rt_robin.o)
    0x08008200   0x08008200   0x00000070   Code   RO         2979    i.rt_dec_dly        RTX_CM4.lib(rt_list.o)
    0x08008270   0x08008270   0x00000044   Code   RO         2525    i.rt_dispatch       RTX_CM4.lib(rt_task.o)
    0x080082b4   0x080082b4   0x00000006   Code   RO         2608    i.rt_dly_wait       RTX_CM4.lib(rt_time.o)
    0x080082ba   0x080082ba   0x00000002   PAD
    0x080082bc   0x080082bc   0x00000050   Code   RO         2940    i.rt_evt_psh        RTX_CM4.lib(rt_event.o)
    0x0800830c   0x0800830c   0x0000005c   Code   RO         2941    i.rt_evt_set        RTX_CM4.lib(rt_event.o)
    0x08008368   0x08008368   0x0000003c   Code   RO         2942    i.rt_evt_wait       RTX_CM4.lib(rt_event.o)
    0x080083a4   0x080083a4   0x0000002c   Code   RO         3169    i.rt_free_box       RTX_CM4.lib(rt_membox.o)
    0x080083d0   0x080083d0   0x00000028   Code   RO         3197    i.rt_free_mem       RTX_CM4.lib(rt_memory.o)
    0x080083f8   0x080083f8   0x00000028   Code   RO         2980    i.rt_get_first      RTX_CM4.lib(rt_list.o)
    0x08008420   0x08008420   0x00000008   Code   RO         1949    i.rt_id2obj         RTX_CM4.lib(rt_cmsis.o)
    0x08008428   0x08008428   0x00000048   Code   RO         2526    i.rt_init_context   RTX_CM4.lib(rt_task.o)
    0x08008470   0x08008470   0x0000001a   Code   RO         3198    i.rt_init_mem       RTX_CM4.lib(rt_memory.o)
    0x0800848a   0x0800848a   0x00000002   PAD
    0x0800848c   0x0800848c   0x00000018   Code   RO         3146    i.rt_init_robin     RTX_CM4.lib(rt_robin.o)
    0x080084a4   0x080084a4   0x00000080   Code   RO         3223    i.rt_init_stack     RTX_CM4.lib(hal_cm.o)
    0x08008524   0x08008524   0x00000008   Code   RO         3057    i.rt_mbx_check      RTX_CM4.lib(rt_mailbox.o)
    0x0800852c   0x0800852c   0x0000001a   Code   RO         3058    i.rt_mbx_init       RTX_CM4.lib(rt_mailbox.o)
    0x08008546   0x08008546   0x00000002   PAD
    0x08008548   0x08008548   0x000000f0   Code   RO         3059    i.rt_mbx_psh        RTX_CM4.lib(rt_mailbox.o)
    0x08008638   0x08008638   0x000000b4   Code   RO         3061    i.rt_mbx_wait       RTX_CM4.lib(rt_mailbox.o)
    0x080086ec   0x080086ec   0x00000044   Code   RO         1950    i.rt_ms2tick        RTX_CM4.lib(rt_cmsis.o)
    0x08008730   0x08008730   0x000000d8   Code   RO         2643    i.rt_mut_release    RTX_CM4.lib(rt_mutex.o)
    0x08008808   0x08008808   0x00000068   Code   RO         2644    i.rt_mut_wait       RTX_CM4.lib(rt_mutex.o)
    0x08008870   0x08008870   0x0000007c   Code   RO         2851    i.rt_pop_req        RTX_CM4.lib(rt_system.o)
    0x080088ec   0x080088ec   0x00000020   Code   RO         2852    i.rt_psh_req        RTX_CM4.lib(rt_system.o)
    0x0800890c   0x0800890c   0x0000005c   Code   RO         2982    i.rt_psq_enq        RTX_CM4.lib(rt_list.o)
    0x08008968   0x08008968   0x00000048   Code   RO         2983    i.rt_put_dly        RTX_CM4.lib(rt_list.o)
    0x080089b0   0x080089b0   0x00000036   Code   RO         2984    i.rt_put_prio       RTX_CM4.lib(rt_list.o)
    0x080089e6   0x080089e6   0x00000002   PAD
    0x080089e8   0x080089e8   0x00000014   Code   RO         2985    i.rt_put_rdy_first  RTX_CM4.lib(rt_list.o)
    0x080089fc   0x080089fc   0x00000034   Code   RO         2986    i.rt_resort_prio    RTX_CM4.lib(rt_list.o)
    0x08008a30   0x08008a30   0x00000010   Code   RO         3224    i.rt_ret_regs       RTX_CM4.lib(hal_cm.o)
    0x08008a40   0x08008a40   0x0000000c   Code   RO         3225    i.rt_ret_val        RTX_CM4.lib(hal_cm.o)
    0x08008a4c   0x08008a4c   0x00000010   Code   RO         3226    i.rt_ret_val2       RTX_CM4.lib(hal_cm.o)
    0x08008a5c   0x08008a5c   0x00000028   Code   RO         2987    i.rt_rmv_dly        RTX_CM4.lib(rt_list.o)
    0x08008a84   0x08008a84   0x00000030   Code   RO         2988    i.rt_rmv_list       RTX_CM4.lib(rt_list.o)
    0x08008ab4   0x08008ab4   0x0000000c   Code   RO         3105    i.rt_sem_init       RTX_CM4.lib(rt_semaphore.o)
    0x08008ac0   0x08008ac0   0x00000034   Code   RO         3106    i.rt_sem_psh        RTX_CM4.lib(rt_semaphore.o)
    0x08008af4   0x08008af4   0x0000002a   Code   RO         3107    i.rt_sem_send       RTX_CM4.lib(rt_semaphore.o)
    0x08008b1e   0x08008b1e   0x00000002   PAD
    0x08008b20   0x08008b20   0x00000040   Code   RO         3108    i.rt_sem_wait       RTX_CM4.lib(rt_semaphore.o)
    0x08008b60   0x08008b60   0x00000024   Code   RO         2854    i.rt_stk_check      RTX_CM4.lib(rt_system.o)
    0x08008b84   0x08008b84   0x00000028   Code   RO         2527    i.rt_switch_req     RTX_CM4.lib(rt_task.o)
    0x08008bac   0x08008bac   0x000000cc   Code   RO         2528    i.rt_sys_init       RTX_CM4.lib(rt_task.o)
    0x08008c78   0x08008c78   0x00000078   Code   RO         2529    i.rt_sys_start      RTX_CM4.lib(rt_task.o)
    0x08008cf0   0x08008cf0   0x00000040   Code   RO         2856    i.rt_systick        RTX_CM4.lib(rt_system.o)
    0x08008d30   0x08008d30   0x00000012   Code   RO         1951    i.rt_tid2ptcb       RTX_CM4.lib(rt_cmsis.o)
    0x08008d42   0x08008d42   0x00000002   PAD
    0x08008d44   0x08008d44   0x00000034   Code   RO         1952    i.rt_timer_insert   RTX_CM4.lib(rt_cmsis.o)
    0x08008d78   0x08008d78   0x0000003c   Code   RO         1953    i.rt_timer_remove   RTX_CM4.lib(rt_cmsis.o)
    0x08008db4   0x08008db4   0x00000088   Code   RO         2530    i.rt_tsk_create     RTX_CM4.lib(rt_task.o)
    0x08008e3c   0x08008e3c   0x0000017c   Code   RO         2531    i.rt_tsk_delete     RTX_CM4.lib(rt_task.o)
    0x08008fb8   0x08008fb8   0x0000007c   Code   RO         2533    i.rt_tsk_prio       RTX_CM4.lib(rt_task.o)
    0x08009034   0x08009034   0x00000010   Code   RO         2534    i.rt_tsk_self       RTX_CM4.lib(rt_task.o)
    0x08009044   0x08009044   0x00000012   Code   RO         1954    i.svcDelay          RTX_CM4.lib(rt_cmsis.o)
    0x08009056   0x08009056   0x00000002   PAD
    0x08009058   0x08009058   0x00000070   Code   RO         1955    i.svcKernelInitialize  RTX_CM4.lib(rt_cmsis.o)
    0x080090c8   0x080090c8   0x00000048   Code   RO         1957    i.svcKernelStart    RTX_CM4.lib(rt_cmsis.o)
    0x08009110   0x08009110   0x00000024   Code   RO         1960    i.svcMessageCreate  RTX_CM4.lib(rt_cmsis.o)
    0x08009134   0x08009134   0x0000003a   Code   RO         1961    i.svcMessageGet     RTX_CM4.lib(rt_cmsis.o)
    0x0800916e   0x0800916e   0x00000024   Code   RO         1968    i.svcSemaphoreCreate  RTX_CM4.lib(rt_cmsis.o)
    0x08009192   0x08009192   0x00000028   Code   RO         1970    i.svcSemaphoreRelease  RTX_CM4.lib(rt_cmsis.o)
    0x080091ba   0x080091ba   0x00000032   Code   RO         1971    i.svcSemaphoreWait  RTX_CM4.lib(rt_cmsis.o)
    0x080091ec   0x080091ec   0x00000024   Code   RO         1973    i.svcSignalSet      RTX_CM4.lib(rt_cmsis.o)
    0x08009210   0x08009210   0x00000054   Code   RO         1974    i.svcSignalWait     RTX_CM4.lib(rt_cmsis.o)
    0x08009264   0x08009264   0x00000070   Code   RO         1975    i.svcThreadCreate   RTX_CM4.lib(rt_cmsis.o)
    0x080092d4   0x080092d4   0x0000001c   Code   RO         1976    i.svcThreadGetId    RTX_CM4.lib(rt_cmsis.o)
    0x080092f0   0x080092f0   0x0000002e   Code   RO         1978    i.svcThreadSetPriority  RTX_CM4.lib(rt_cmsis.o)
    0x0800931e   0x0800931e   0x00000002   PAD
    0x08009320   0x08009320   0x00000038   Code   RO         1979    i.svcThreadTerminate  RTX_CM4.lib(rt_cmsis.o)
    0x08009358   0x08009358   0x00000018   Code   RO         1981    i.svcTimerCall      RTX_CM4.lib(rt_cmsis.o)
    0x08009370   0x08009370   0x00000038   Code   RO         1982    i.svcTimerCreate    RTX_CM4.lib(rt_cmsis.o)
    0x080093a8   0x080093a8   0x00000064   Code   RO         1984    i.svcTimerStart     RTX_CM4.lib(rt_cmsis.o)
    0x0800940c   0x0800940c   0x00000024   Code   RO         1985    i.svcTimerStop      RTX_CM4.lib(rt_cmsis.o)
    0x08009430   0x08009430   0x0000005c   Code   RO         1990    i.sysTimerTick      RTX_CM4.lib(rt_cmsis.o)
    0x0800948c   0x0800948c   0x0000000a   Code   RO         3461    x$fpl$fpinit        fz_wm.l(fpinit.o)
    0x08009496   0x08009496   0x00000002   PAD
    0x08009498   0x08009498   0x00000010   Data   RO            8    .constdata          main.o
    0x080094a8   0x080094a8   0x00000005   Data   RO          200    .constdata          dap.o
    0x080094ad   0x080094ad   0x00000003   PAD
    0x080094b0   0x080094b0   0x00000056   Data   RO          591    .constdata          rtx_conf_cm.o
    0x08009506   0x08009506   0x00000002   PAD
    0x08009508   0x08009508   0x00000050   Data   RO          747    .constdata          usbd_hs_stm32f4xx.o
    0x08009558   0x08009558   0x00000010   Data   RO         1423    .constdata          stm32f4xx_hal_rcc.o
    0x08009568   0x08009568   0x0000023a   Data   RO         1642    .constdata          usbd_config_0.o
    0x080097a2   0x080097a2   0x00000020   Data   RO         2817    .constdata          USB_CM3_L.lib(usbd_hid.o)
    0x080097c2   0x080097c2   0x00000002   PAD
    0x080097c4   0x080097c4   0x00000020   Data   RO         3495    Region$$Table       anon$$obj.o


    Execution Region RW_IRAM1 (Exec base: 0x20000000, Load base: 0x080097e4, Size: 0x00004318, Max: 0x00020000, ABSOLUTE)

    Exec Addr    Load Addr    Size         Type   Attr      Idx    E Section Name        Object

    0x20000000   0x080097e4   0x00000004   Data   RW            9    .data               main.o
    0x20000004   0x080097e8   0x00000001   Data   RW          201    .data               dap.o
    0x20000005   0x080097e9   0x00000001   PAD
    0x20000006   0x080097ea   0x00000011   Data   RW          513    .data               usbd_user_hid_0.o
    0x20000017   0x080097fb   0x00000001   PAD
    0x20000018   0x080097fc   0x00000024   Data   RW          592    .data               rtx_conf_cm.o
    0x2000003c   0x08009820   0x00000001   Data   RW          650    .data               otg_hs_stm32f4xx.o
    0x2000003d   0x08009821   0x00000003   PAD
    0x20000040   0x08009824   0x00000020   Data   RW          748    .data               usbd_hs_stm32f4xx.o
    0x20000060   0x08009844   0x00000004   Data   RW         1568    .data               system_stm32f4xx.o
    0x20000064   0x08009848   0x0000006c   Data   RW         1643    .data               usbd_config_0.o
    0x200000d0   0x080098b4   0x00000008   Data   RW         1993    .data               RTX_CM4.lib(rt_cmsis.o)
    0x200000d8   0x080098bc   0x00000008   Data   RW         2536    .data               RTX_CM4.lib(rt_task.o)
    0x200000e0   0x080098c4   0x00000004   Data   RW         2612    .data               RTX_CM4.lib(rt_time.o)
    0x200000e4   0x080098c8   0x00000008   Data   RW         2859    .data               RTX_CM4.lib(rt_system.o)
    0x200000ec   0x080098d0   0x00000008   Data   RW         3147    .data               RTX_CM4.lib(rt_robin.o)
    0x200000f4   0x080098d8   0x00000001   Data   RW         3227    .data               RTX_CM4.lib(hal_cm.o)
    0x200000f5   0x080098d9   0x00000003   PAD
    0x200000f8        -       0x00000040   Zero   RW          199    .bss                dap.o
    0x20000138        -       0x00002000   Zero   RW          512    .bss                usbd_user_hid_0.o
    0x20002138        -       0x00000f70   Zero   RW          590    .bss                rtx_conf_cm.o
    0x200030a8        -       0x000000f0   Zero   RW          746    .bss                usbd_hs_stm32f4xx.o
    0x20003198        -       0x000008b8   Zero   RW         1641    .bss                usbd_config_0.o
    0x20003a50        -       0x00000034   Zero   RW         2535    .bss                RTX_CM4.lib(rt_task.o)
    0x20003a84        -       0x00000030   Zero   RW         2989    .bss                RTX_CM4.lib(rt_list.o)
    0x20003ab4        -       0x00000060   Zero   RW         3322    .bss                c_w.l(libspace.o)
    0x20003b14   0x080098d9   0x00000004   PAD
    0x20003b18        -       0x00000200   Zero   RW         1556    HEAP                startup_stm32f407xx.o
    0x20003d18        -       0x00000600   Zero   RW         1555    STACK               startup_stm32f407xx.o


==============================================================================

Image component sizes


      Code (inc. data)   RO Data    RW Data    ZI Data      Debug   Object Name

      4694        172          5          1         64      28471   dap.o
      4324         50          0          0          0      30665   jtag_dp.o
       280         28         16          4          0     314618   main.o
      1060         96          0          1          0       7286   otg_hs_stm32f4xx.o
       126         26         86         36       3952       9395   rtx_conf_cm.o
        64         26        392          0       2048        864   startup_stm32f407xx.o
       110         10          0          0          0       2555   stm32f4xx_hal.o
       272         22          0          0          0      30754   stm32f4xx_hal_cortex.o
       904         94          0          0          0       3790   stm32f4xx_hal_gpio.o
      1952         50         16          0          0       5401   stm32f4xx_hal_rcc.o
      2816         22          0          0          0      15580   sw_dp.o
       100         18          0          4          0       1417   system_stm32f4xx.o
       336         28        570        108       2232      39864   usbd_config_0.o
      5240        412         80         32        240      48942   usbd_hs_stm32f4xx.o
       718        132          0         17       8192      22296   usbd_user_hid_0.o

    ----------------------------------------------------------------------
     23008       1186       1202        208      16728     561898   Object Totals
         0          0         32          0          0          0   (incl. Generated)
        12          0          5          5          0          0   (incl. Padding)

    ----------------------------------------------------------------------

      Code (inc. data)   RO Data    RW Data    ZI Data      Debug   Library Member Name

       268         24          0          1          0       4452   hal_cm.o
       408         34          0          0          0        816   hal_cm4.o
      2072        226          0          8          0      50551   rt_cmsis.o
       272         18          0          0          0       2810   rt_event.o
       530         34          0          0         48       8597   rt_list.o
       550         10          0          0          0       4185   rt_mailbox.o
       140          0          0          0          0       2045   rt_membox.o
       128          0          0          0          0       2419   rt_memory.o
       320         12          0          0          0       1699   rt_mutex.o
        96         22          0          8          0       1230   rt_robin.o
       186         10          0          0          0       3102   rt_semaphore.o
       298         52          0          8          0       6439   rt_system.o
      1216        174          0          8         52      10025   rt_task.o
         6          0          0          4          0        684   rt_time.o
         4          4          0          0          0        200   svc_table.o
      4558        294          0          0          0       3344   usbd_core.o
       260         52          0          0          0        324   usbd_core_custom_device.o
       564         58          0          0          0        260   usbd_core_hid.o
      1880        184         32          0          0       1420   usbd_hid.o
         8          0          0          0          0         68   __main.o
         0          0          0          0          0          0   __rtentry.o
        20          0          0          0          0          0   __rtentry2.o
         6          0          0          0          0          0   __rtentry4.o
        52          8          0          0          0          0   __scatter.o
        26          0          0          0          0          0   __scatter_copy.o
        28          0          0          0          0          0   __scatter_zi.o
        18          0          0          0          0         80   exit.o
         6          0          0          0          0        152   heapauxi.o
         0          0          0          0          0          0   indicate_semi.o
         2          0          0          0          0          0   libinit.o
         6          0          0          0          0          0   libinit2.o
         2          0          0          0          0          0   libshutdown.o
         2          0          0          0          0          0   libshutdown2.o
         8          4          0          0         96         68   libspace.o
       238          0          0          0          0        100   lludivv7m.o
        78          0          0          0          0         80   rt_memclr_w.o
       138          0          0          0          0         68   rt_memcpy_v6.o
       100          0          0          0          0         80   rt_memcpy_w.o
         2          0          0          0          0          0   rtexit.o
        10          0          0          0          0          0   rtexit2.o
        12          4          0          0          0         68   sys_exit.o
        74          0          0          0          0         80   sys_stackheap_outer.o
         2          0          0          0          0         68   use_no_semi.o
        10          0          0          0          0        116   fpinit.o

    ----------------------------------------------------------------------
     14640       1224         34         40        200     105630   Library Totals
        36          0          2          3          4          0   (incl. Padding)

    ----------------------------------------------------------------------

      Code (inc. data)   RO Data    RW Data    ZI Data      Debug   Library Name

      6494        620          0         37        100      99254   RTX_CM4.lib
      7262        588         32          0          0       5348   USB_CM3_L.lib
       838         16          0          0         96        912   c_w.l
        10          0          0          0          0        116   fz_wm.l

    ----------------------------------------------------------------------
     14640       1224         34         40        200     105630   Library Totals

    ----------------------------------------------------------------------

==============================================================================


      Code (inc. data)   RO Data    RW Data    ZI Data      Debug   

     37648       2410       1236        248      16928     640488   Grand Totals
     37648       2410       1236        248      16928     640488   ELF Image Totals
     37648       2410       1236        248          0          0   ROM Totals

==============================================================================

    Total RO  Size (Code + RO Data)                38884 (  37.97kB)
    Total RW  Size (RW Data + ZI Data)             17176 (  16.77kB)
    Total ROM Size (Code + RO Data + RW Data)      39132 (  38.21kB)

==============================================================================

